Archive member included to satisfy reference by file (symbol)

/opt/devkitpro/devkitARM/bin/../lib/gcc/arm-none-eabi/14.1.0/thumb/libgcc.a(_call_via_rX.o)
                              mm_main_gba.o (_call_via_r1)
/opt/devkitpro/devkitARM/bin/../lib/gcc/arm-none-eabi/14.1.0/thumb/libgcc.a(_arm_addsubsf3.o)
                              main.o (__aeabi_fadd)
/opt/devkitpro/devkitARM/bin/../lib/gcc/arm-none-eabi/14.1.0/thumb/libgcc.a(_arm_fixsfsi.o)
                              main.o (__aeabi_f2iz)
/opt/devkitpro/devkitARM/bin/../lib/gcc/arm-none-eabi/14.1.0/thumb/libgcc.a(_aeabi_ldivmod.o)
                              bn_hw_text.o (__aeabi_ldivmod)
/opt/devkitpro/devkitARM/bin/../lib/gcc/arm-none-eabi/14.1.0/thumb/libgcc.a(_aeabi_uldivmod.o)
                              bn_hw_text.o (__aeabi_uldivmod)
/opt/devkitpro/devkitARM/bin/../lib/gcc/arm-none-eabi/14.1.0/thumb/libgcc.a(_sync_none.o)
                              (__sync_synchronize_none)
/opt/devkitpro/devkitARM/bin/../lib/gcc/arm-none-eabi/14.1.0/thumb/libgcc.a(_udivmoddi4.o)
                              /opt/devkitpro/devkitARM/bin/../lib/gcc/arm-none-eabi/14.1.0/thumb/libgcc.a(_aeabi_ldivmod.o) (__udivmoddi4)

Discarded input sections

 .text          0x00000000        0x0 /opt/devkitpro/devkitARM/bin/../lib/gcc/arm-none-eabi/14.1.0/../../../../arm-none-eabi/lib/thumb/gba_crt0.o
 .data          0x00000000        0x0 /opt/devkitpro/devkitARM/bin/../lib/gcc/arm-none-eabi/14.1.0/../../../../arm-none-eabi/lib/thumb/gba_crt0.o
 .bss           0x00000000        0x0 /opt/devkitpro/devkitARM/bin/../lib/gcc/arm-none-eabi/14.1.0/../../../../arm-none-eabi/lib/thumb/gba_crt0.o
 .text          0x00000000        0x0 /opt/devkitpro/devkitARM/bin/../lib/gcc/arm-none-eabi/14.1.0/thumb/crti.o
 .data          0x00000000        0x0 /opt/devkitpro/devkitARM/bin/../lib/gcc/arm-none-eabi/14.1.0/thumb/crti.o
 .bss           0x00000000        0x0 /opt/devkitpro/devkitARM/bin/../lib/gcc/arm-none-eabi/14.1.0/thumb/crti.o
 .text          0x00000000        0x0 /opt/devkitpro/devkitARM/bin/../lib/gcc/arm-none-eabi/14.1.0/thumb/crtbegin.o
 .data          0x00000000        0x0 /opt/devkitpro/devkitARM/bin/../lib/gcc/arm-none-eabi/14.1.0/thumb/crtbegin.o
 .bss           0x00000000        0x0 /opt/devkitpro/devkitARM/bin/../lib/gcc/arm-none-eabi/14.1.0/thumb/crtbegin.o
 .rodata.all_implied_fbits
                0x00000000       0x24 /opt/devkitpro/devkitARM/bin/../lib/gcc/arm-none-eabi/14.1.0/thumb/crtbegin.o
 .text          0x00000000        0x0 _bn_audio_soundbank.bin.o
 .data          0x00000000        0x0 _bn_audio_soundbank.bin.o
 .bss           0x00000000        0x0 _bn_audio_soundbank.bin.o
 .text          0x00000000        0x0 dog_bn_gfx.o
 .data          0x00000000        0x0 dog_bn_gfx.o
 .bss           0x00000000        0x0 dog_bn_gfx.o
 .rodata        0x00000000       0xa0 dog_bn_gfx.o
 .text          0x00000000        0x0 jochem_bn_gfx.o
 .data          0x00000000        0x0 jochem_bn_gfx.o
 .bss           0x00000000        0x0 jochem_bn_gfx.o
 .text          0x00000000        0x0 jochemwalking_bn_gfx.o
 .data          0x00000000        0x0 jochemwalking_bn_gfx.o
 .bss           0x00000000        0x0 jochemwalking_bn_gfx.o
 .rodata        0x00000000    0x2a100 jochemwalking_bn_gfx.o
 .text          0x00000000        0x0 map_bn_gfx.o
 .data          0x00000000        0x0 map_bn_gfx.o
 .bss           0x00000000        0x0 map_bn_gfx.o
 .rodata        0x00000000      0x940 map_bn_gfx.o
 .text          0x00000000        0x0 mud_bn_gfx.o
 .data          0x00000000        0x0 mud_bn_gfx.o
 .bss           0x00000000        0x0 mud_bn_gfx.o
 .rodata        0x00000000    0x2d020 mud_bn_gfx.o
 .text          0x00000000        0x0 punch_bn_gfx.o
 .data          0x00000000        0x0 punch_bn_gfx.o
 .bss           0x00000000        0x0 punch_bn_gfx.o
 .text          0x00000000        0x0 rein_bn_gfx.o
 .data          0x00000000        0x0 rein_bn_gfx.o
 .bss           0x00000000        0x0 rein_bn_gfx.o
 .text          0x00000000        0x0 common_fixed_8x16_font_bn_gfx.o
 .data          0x00000000        0x0 common_fixed_8x16_font_bn_gfx.o
 .bss           0x00000000        0x0 common_fixed_8x16_font_bn_gfx.o
 .rodata        0x00000000     0x1ba0 common_fixed_8x16_font_bn_gfx.o
 .text          0x00000000        0x0 common_fixed_8x8_font_bn_gfx.o
 .data          0x00000000        0x0 common_fixed_8x8_font_bn_gfx.o
 .bss           0x00000000        0x0 common_fixed_8x8_font_bn_gfx.o
 .rodata        0x00000000      0xde0 common_fixed_8x8_font_bn_gfx.o
 .text          0x00000000        0x0 common_variable_16x16_font_bn_gfx.o
 .data          0x00000000        0x0 common_variable_16x16_font_bn_gfx.o
 .bss           0x00000000        0x0 common_variable_16x16_font_bn_gfx.o
 .rodata        0x00000000     0x3720 common_variable_16x16_font_bn_gfx.o
 .text          0x00000000        0x0 common_variable_8x16_font_bn_gfx.o
[...]
Memory Configuration

Name             Origin             Length             Attributes
rom              0x08000000         0x02000000
iwram            0x03000000         0x00008000
ewram            0x02000000         0x00040000
*default*        0x00000000         0xffffffff

Linker script and memory map

                0x00000000                        __sync_synchronize = __sync_synchronize_none
                0x08000000                        __text_start = ORIGIN (rom)
                0x02040000                        __eheap_end = (ORIGIN (ewram) + LENGTH (ewram))
                0x03000000                        __iwram_start = ORIGIN (iwram)
                0x03008000                        __iwram_top = (ORIGIN (iwram) + LENGTH (iwram))
                0x03007fa0                        __sp_irq = (__iwram_top - 0x60)
                0x03007f00                        __sp_usr = (__sp_irq - 0xa0)
                0x03007ff8                        __irq_flags = 0x3007ff8
                0x08000000                        . = __text_start

.crt0           0x08000000      0x210
 *(.crt0)
 .crt0          0x08000000      0x210 /opt/devkitpro/devkitARM/bin/../lib/gcc/arm-none-eabi/14.1.0/../../../../arm-none-eabi/lib/thumb/gba_crt0.o
                0x08000000                _start
                0x080000c4                __boot_method
                0x080000c5                __slave_number
                0x080000e0                start_vector
                0x08000210                        . = ALIGN (0x4)

.init           0x08000210        0xc
 *(SORT_NONE(.init))
 .init          0x08000210        0x4 /opt/devkitpro/devkitARM/bin/../lib/gcc/arm-none-eabi/14.1.0/thumb/crti.o
                0x08000210                _init
 .init          0x08000214        0x8 /opt/devkitpro/devkitARM/bin/../lib/gcc/arm-none-eabi/14.1.0/thumb/crtn.o

.plt            0x0800021c        0x0
 *(.plt)
                0x0800021c                        . = ALIGN (0x4)

.text           0x08000220    0x14440
 *(EXCLUDE_FILE(*.iwram*) .text*)
 .text.__do_global_dtors_aux
                0x08000220       0x2c /opt/devkitpro/devkitARM/bin/../lib/gcc/arm-none-eabi/14.1.0/thumb/crtbegin.o
 .text.frame_dummy
                0x0800024c       0x24 /opt/devkitpro/devkitARM/bin/../lib/gcc/arm-none-eabi/14.1.0/thumb/crtbegin.o
 .text._ZN3_bn6assert9show_argsIJA19_ciA4_ciEEEvPKcS5_S5_iDpRKT_
                0x08000270       0x64 main.o
                0x08000270                void _bn::assert::show_args<char [19], int, char [4], int>(char const*, char const*, char const*, int, char const (&) [19], int const&, char const (&) [4], int const&)
 .text.startup.main
                0x080002d4      0x894 main.o
                0x080002d4                main
 .text._ZN6common4info15_update_spritesEv
                0x08000b68       0x9c common_info.o
                0x08000b68                common::info::_update_sprites()
 .text._ZN6common4info6updateEv
                0x08000c04       0x30 common_info.o
                0x08000c04                common::info::update()
 .text._ZN3_bn6assert9show_argsIA16_ciEEvPKcS4_S4_iRKT_RKT0_
                0x08000c34       0x54 common_info.o
                0x08000c34                void _bn::assert::show_args<char [16], int>(char const*, char const*, char const*, int, char const (&) [16], int const&)
 .text._ZN6common4infoC2ERKN2bn11string_viewERKNS1_4spanIS3_EERNS1_21sprite_text_generatorE
                0x08000c88      0x150 common_info.o
                0x08000c88                common::info::info(bn::string_view const&, bn::span<bn::string_view const> const&, bn::sprite_text_generator&)
                0x08000c88                common::info::info(bn::string_view const&, bn::span<bn::string_view const> const&, bn::sprite_text_generator&)
 .text._ZN3_bn6assert9show_argsIA15_ciEEvPKcS4_S4_iRKT_RKT0_
                0x08000dd8       0x54 common_stats.o
                0x08000dd8                void _bn::assert::show_args<char [15], int>(char const*, char const*, char const*, int, char const (&) [15], int const&)
 .text._ZN2bn13ostringstream11append_argsIiJA4_ciEEEvRKT_DpRKT0_.isra.0
                0x08000e2c       0x24 bn_affine_bg_animate_actions.o
 .text._ZN3_bn6assert9show_argsIJA16_ciA4_ciEEEvPKcS5_S5_iDpRKT_
                0x08000e50       0x58 bn_affine_bg_animate_actions.o
                0x08000e50                void _bn::assert::show_args<char [16], int, char [4], int>(char const*, char const*, char const*, int, char const (&) [16], int const&, char const (&) [4], int const&)
 .text._ZN3_bn6assert9show_argsIA15_cEEvPKcS4_S4_iRKT_
                0x08000ea8       0x48 bn_affine_bg_animate_actions.o
                0x08000ea8                void _bn::assert::show_args<char [15]>(char const*, char const*, char const*, int, char const (&) [15])
 .text._ZN3_bn6assert9show_argsIA23_ciEEvPKcS4_S4_iRKT_RKT0_
                0x08000ef0       0x54 bn_affine_bg_animate_actions.o
                0x08000ef0                void _bn::assert::show_args<char [23], int>(char const*, char const*, char const*, int, char const (&) [23], int const&)
 .text._ZN3_bn6assert9show_argsIA24_ciEEvPKcS4_S4_iRKT_RKT0_
                0x08000f44       0x54 bn_affine_bg_animate_actions.o
                0x08000f44                void _bn::assert::show_args<char [24], int>(char const*, char const*, char const*, int, char const (&) [24], int const&)
 .text._ZN3_bn6assert9show_argsIA28_ciEEvPKcS4_S4_iRKT_RKT0_
                0x08000f98       0x54 bn_affine_bg_animate_actions.o
                0x08000f98                void _bn::assert::show_args<char [28], int>(char const*, char const*, char const*, int, char const (&) [28], int const&)
 .text._ZN2bn13audio_manager12_GLOBAL__N_111static_dataD2Ev
                0x08000fec        0x4 bn_audio_manager.o
 .text._ZN2bn13audio_manager4initEv
                0x08000ff0       0x48 bn_audio_manager.o
                0x08000ff0                bn::audio_manager::init()
 .text._ZN2bn13audio_manager7disableEv
                0x08001038        0xc bn_audio_manager.o
                0x08001038                bn::audio_manager::disable()
 .text._ZN2bn13audio_manager10sound_dataEt
                0x08001044       0x64 bn_audio_manager.o
                0x08001044                bn::audio_manager::sound_data(unsigned short)
 .text._ZN2bn13audio_manager6updateEv
                0x080010a8        0xc bn_audio_manager.o
                0x080010a8                bn::audio_manager::update()
 .text._ZN2bn13audio_manager6commitEv
                0x080010b4        0xc bn_audio_manager.o
                0x080010b4                bn::audio_manager::commit()
 .text._ZN2bn13audio_manager4stopEv
                0x080010c0       0x6c bn_audio_manager.o
                0x080010c0                bn::audio_manager::stop()
 .text._ZN3_bn6assert9show_argsIA18_ciEEvPKcS4_S4_iRKT_RKT0_
                0x0800112c       0x54 bn_audio_manager.o
                0x0800112c                void _bn::assert::show_args<char [18], int>(char const*, char const*, char const*, int, char const (&) [18], int const&)
 .text._ZN3_bn6assert9show_argsIA14_ciEEvPKcS4_S4_iRKT_RKT0_
                0x08001180       0x54 bn_audio_manager.o
                0x08001180                void _bn::assert::show_args<char [14], int>(char const*, char const*, char const*, int, char const (&) [14], int const&)
 .text._ZN3_bn6assert9show_argsIA26_ciEEvPKcS4_S4_iRKT_RKT0_
                0x080011d4       0x54 bn_audio_manager.o
                0x080011d4                void _bn::assert::show_args<char [26], int>(char const*, char const*, char const*, int, char const (&) [26], int const&)
 .text._ZN3_bn6assert9show_argsIA33_cEEvPKcS4_S4_iRKT_
                0x08001228       0x48 bn_audio_manager.o
                0x08001228                void _bn::assert::show_args<char [33]>(char const*, char const*, char const*, int, char const (&) [33])
 .text._ZNK2bn10music_item4playEv
                0x08001270       0x8c bn_audio_manager.o
                0x08001270                bn::music_item::play() const
 .text._ZN3_bn6assert9show_argsIA25_cEEvPKcS4_S4_iRKT_
                0x080012fc       0x48 bn_audio_manager.o
                0x080012fc                void _bn::assert::show_args<char [25]>(char const*, char const*, char const*, int, char const (&) [25])
 .text._ZN3_bn6assert9show_argsIA24_cEEvPKcS4_S4_iRKT_
                0x08001344       0x48 bn_audio_manager.o
                0x08001344                void _bn::assert::show_args<char [24]>(char const*, char const*, char const*, int, char const (&) [24])
 .text._ZN3_bn6assert9show_argsIA26_cEEvPKcS4_S4_iRKT_
                0x0800138c       0x48 bn_audio_manager.o
                0x0800138c                void _bn::assert::show_args<char [26]>(char const*, char const*, char const*, int, char const (&) [26])
 .text._ZN3_bn6assert9show_argsIA25_ciEEvPKcS4_S4_iRKT_RKT0_
                0x080013d4       0x54 bn_audio_manager.o
                0x080013d4                void _bn::assert::show_args<char [25], int>(char const*, char const*, char const*, int, char const (&) [25], int const&)
 .text._ZN2bn13audio_manager16execute_commandsEv
                0x08001428      0x6a8 bn_audio_manager.o
                0x08001428                bn::audio_manager::execute_commands()
 .text._ZN3_bn6assert9show_argsIA17_cEEvPKcS4_S4_iRKT_
                0x08001ad0       0x48 bn_audio_manager.o
                0x08001ad0                void _bn::assert::show_args<char [17]>(char const*, char const*, char const*, int, char const (&) [17])
 .text.startup._GLOBAL__sub_I__ZN2bn5audio16update_on_vblankEv
                0x08001b18       0x98 bn_audio_manager.o
 .text._ZN3_bn6assert9show_argsIA23_cEEvPKcS4_S4_iRKT_
                0x08001bb0       0x48 bn_best_fit_allocator.o
                0x08001bb0                void _bn::assert::show_args<char [23]>(char const*, char const*, char const*, int, char const (&) [23])
 .text._ZN2bn18best_fit_allocatorD2Ev
                0x08001bf8       0x34 bn_best_fit_allocator.o
                0x08001bf8                bn::best_fit_allocator::~best_fit_allocator()
                0x08001bf8                bn::best_fit_allocator::~best_fit_allocator()
 .text._ZN3_bn6assert9show_argsIA20_ciEEvPKcS4_S4_iRKT_RKT0_
                0x08001c2c       0x54 bn_best_fit_allocator.o
                0x08001c2c                void _bn::assert::show_args<char [20], int>(char const*, char const*, char const*, int, char const (&) [20], int const&)
 .text._ZN3_bn6assert9show_argsIA14_cEEvPKcS4_S4_iRKT_
                0x08001c80       0x48 bn_best_fit_allocator.o
                0x08001c80                void _bn::assert::show_args<char [14]>(char const*, char const*, char const*, int, char const (&) [14])
 .text._ZN3_bn6assert9show_argsIA21_cEEvPKcS4_S4_iRKT_
                0x08001cc8       0x48 bn_best_fit_allocator.o
                0x08001cc8                void _bn::assert::show_args<char [21]>(char const*, char const*, char const*, int, char const (&) [21])
 .text._ZN2bn18best_fit_allocator5resetEPvi
                0x08001d10       0xbc bn_best_fit_allocator.o
                0x08001d10                bn::best_fit_allocator::reset(void*, int)
 .text._ZN2bn17bg_blocks_manager12_GLOBAL__N_117_hw_commit_offsetEPKtjtPt
                0x08001dcc       0x78 bn_bg_blocks_manager.o
 .text._ZN2bn13ostringstream11append_argsIiJA4_ciEEEvRKT_DpRKT0_.isra.0
                0x08001e44       0x24 bn_bg_blocks_manager.o
 .text._ZNK2bn18regular_bg_map_ptr2idEv
                0x08001e68       0x18 bn_bg_blocks_manager.o
                0x08001e68                bn::regular_bg_map_ptr::id() const
 .text._ZNK2bn18regular_bg_map_ptr10dimensionsEv
                0x08001e80       0x20 bn_bg_blocks_manager.o
                0x08001e80                bn::regular_bg_map_ptr::dimensions() const
 .text._ZNK2bn20regular_bg_tiles_ptr3cbbEv
                0x08001ea0       0x18 bn_bg_blocks_manager.o
                0x08001ea0                bn::regular_bg_tiles_ptr::cbb() const
 .text._ZNK2bn17affine_bg_map_ptr2idEv
                0x08001eb8       0x18 bn_bg_blocks_manager.o
                0x08001eb8                bn::affine_bg_map_ptr::id() const
 .text._ZNK2bn17affine_bg_map_ptr10dimensionsEv
                0x08001ed0       0x20 bn_bg_blocks_manager.o
                0x08001ed0                bn::affine_bg_map_ptr::dimensions() const
 .text._ZNK2bn19affine_bg_tiles_ptr3cbbEv
                0x08001ef0       0x18 bn_bg_blocks_manager.o
                0x08001ef0                bn::affine_bg_tiles_ptr::cbb() const
 .text._ZN2bn17bg_blocks_manager15decrease_usagesEi
                0x08001f08       0x98 bn_bg_blocks_manager.o
                0x08001f08                bn::bg_blocks_manager::decrease_usages(int)
 .text._ZN2bn17bg_blocks_manager12_GLOBAL__N_111static_dataD2Ev
                0x08001fa0       0x54 bn_bg_blocks_manager.o
 .text._ZN2bn17bg_blocks_manager4initEv
                0x08001ff4       0x8c bn_bg_blocks_manager.o
                0x08001ff4                bn::bg_blocks_manager::init()
 .text._ZN2bn17bg_blocks_manager11must_commitEi
                0x08002080       0x18 bn_bg_blocks_manager.o
                0x08002080                bn::bg_blocks_manager::must_commit(int)
 .text._ZN2bn17bg_blocks_manager6updateEv
                0x08002098      0x258 bn_bg_blocks_manager.o
                0x08002098                bn::bg_blocks_manager::update()
 .text._ZN3_bn6assert9show_argsIJA22_ciA4_ciEEEvPKcS5_S5_iDpRKT_
                0x080022f0       0x58 bn_bg_blocks_manager.o
                0x080022f0                void _bn::assert::show_args<char [22], int, char [4], int>(char const*, char const*, char const*, int, char const (&) [22], int const&, char const (&) [4], int const&)
 .text._ZN3_bn6assert9show_argsIJA58_ciA4_ciEEEvPKcS5_S5_iDpRKT_
                0x08002348       0x58 bn_bg_blocks_manager.o
                0x08002348                void _bn::assert::show_args<char [58], int, char [4], int>(char const*, char const*, char const*, int, char const (&) [58], int const&, char const (&) [4], int const&)
 .text._ZN3_bn6assert9show_argsIA27_ciEEvPKcS4_S4_iRKT_RKT0_
                0x080023a0       0x54 bn_bg_blocks_manager.o
                0x080023a0                void _bn::assert::show_args<char [27], int>(char const*, char const*, char const*, int, char const (&) [27], int const&)
 .text._ZN2bn17bg_blocks_manager12_GLOBAL__N_110_hw_commitEPKtNS_16compression_typeEibPt
                0x080023f4       0x6c bn_bg_blocks_manager.o
 .text._ZN3_bn6assert9show_argsIA22_ciEEvPKcS4_S4_iRKT_RKT0_
                0x08002460       0x54 bn_bg_blocks_manager.o
                0x08002460                void _bn::assert::show_args<char [22], int>(char const*, char const*, char const*, int, char const (&) [22], int const&)
 .text._ZN3_bn6assert9show_argsIA19_cEEvPKcS4_S4_iRKT_
                0x080024b4       0x48 bn_bg_blocks_manager.o
                0x080024b4                void _bn::assert::show_args<char [19]>(char const*, char const*, char const*, int, char const (&) [19])
 .text._ZN3_bn6assert9show_argsIA22_cEEvPKcS4_S4_iRKT_
                0x080024fc       0x48 bn_bg_blocks_manager.o
                0x080024fc                void _bn::assert::show_args<char [22]>(char const*, char const*, char const*, int, char const (&) [22])
 .text._ZNK2bn18regular_bg_map_ptr5tilesEv
                0x08002544       0x48 bn_bg_blocks_manager.o
                0x08002544                bn::regular_bg_map_ptr::tiles() const
 .text._ZNK2bn17affine_bg_map_ptr5tilesEv
                0x0800258c       0x48 bn_bg_blocks_manager.o
                0x0800258c                bn::affine_bg_map_ptr::tiles() const
 .text._ZNK2bn18regular_bg_map_ptr3bppEv
                0x080025d4       0x4c bn_bg_blocks_manager.o
                0x080025d4                bn::regular_bg_map_ptr::bpp() const
 .text._ZN2bn17bg_blocks_manager21update_affine_map_rowEiii
                0x08002620      0x168 bn_bg_blocks_manager.o
                0x08002620                bn::bg_blocks_manager::update_affine_map_row(int, int, int)
 .text._ZN2bn17bg_blocks_manager28update_affine_map_bottom_rowEiii
                0x08002788       0x2c bn_bg_blocks_manager.o
                0x08002788                bn::bg_blocks_manager::update_affine_map_bottom_row(int, int, int)
 .text._ZN2bn17bg_blocks_manager23set_affine_map_positionEiii
                0x080027b4      0x214 bn_bg_blocks_manager.o
                0x080027b4                bn::bg_blocks_manager::set_affine_map_position(int, int, int)
 .text._ZN2bn17bg_blocks_manager21update_affine_map_colEiii
                0x080029c8      0x334 bn_bg_blocks_manager.o
                0x080029c8                bn::bg_blocks_manager::update_affine_map_col(int, int, int)
 .text._ZN2bn17bg_blocks_manager27update_affine_map_right_colEiii
                0x08002cfc       0x2c bn_bg_blocks_manager.o
                0x08002cfc                bn::bg_blocks_manager::update_affine_map_right_col(int, int, int)
 .text._ZN2bn17bg_blocks_manager22update_regular_map_rowEiii
                0x08002d28      0x194 bn_bg_blocks_manager.o
                0x08002d28                bn::bg_blocks_manager::update_regular_map_row(int, int, int)
 .text._ZN2bn17bg_blocks_manager22update_regular_map_colEiii
                0x08002ebc      0x1fc bn_bg_blocks_manager.o
                0x08002ebc                bn::bg_blocks_manager::update_regular_map_col(int, int, int)
 .text._ZN2bn17bg_blocks_manager24set_regular_map_positionEiii
                0x080030b8      0x24c bn_bg_blocks_manager.o
                0x080030b8                bn::bg_blocks_manager::set_regular_map_position(int, int, int)
 .text._ZN2bn17bg_blocks_manager12_GLOBAL__N_112_commit_itemERKNS1_9item_typeEb
                0x08003304      0x1f0 bn_bg_blocks_manager.o
 .text._ZN2bn17bg_blocks_manager19commit_uncompressedEb
                0x080034f4       0x58 bn_bg_blocks_manager.o
                0x080034f4                bn::bg_blocks_manager::commit_uncompressed(bool)
 .text._ZN2bn17bg_blocks_manager17commit_compressedEv
                0x0800354c       0x48 bn_bg_blocks_manager.o
                0x0800354c                bn::bg_blocks_manager::commit_compressed()
 .text._ZN3_bn6assert9show_argsIA31_cEEvPKcS4_S4_iRKT_
                0x08003594       0x48 bn_bg_blocks_manager.o
                0x08003594                void _bn::assert::show_args<char [31]>(char const*, char const*, char const*, int, char const (&) [31])
 .text._ZN3_bn6assert9show_argsIA39_ciEEvPKcS4_S4_iRKT_RKT0_
                0x080035dc       0x54 bn_bg_blocks_manager.o
                0x080035dc                void _bn::assert::show_args<char [39], int>(char const*, char const*, char const*, int, char const (&) [39], int const&)
 .text.startup._GLOBAL__sub_I__ZN2bn7bg_maps16used_cells_countEv
                0x08003630       0x88 bn_bg_blocks_manager.o
 .text._ZN2bn11bgs_manager12_GLOBAL__N_111static_dataD2Ev
                0x080036b8       0x10 bn_bgs_manager.o
 .text._ZN2bn11bgs_manager12_GLOBAL__N_133_update_item_hw_affine_attributesERKNS1_9item_typeE
                0x080036c8       0x48 bn_bgs_manager.o
 .text._ZN2bn11bgs_manager4initEv
                0x08003710       0x8c bn_bgs_manager.o
                0x08003710                bn::bgs_manager::init()
 .text._ZN2bn11bgs_manager5hw_idEPv
                0x0800379c        0x8 bn_bgs_manager.o
                0x0800379c                bn::bgs_manager::hw_id(void*)
 .text._ZN2bn11bgs_manager11hw_positionEPv
                0x080037a4        0x4 bn_bgs_manager.o
                0x080037a4                bn::bgs_manager::hw_position(void*)
 .text._ZN2bn11bgs_manager14mat_attributesEPv
                0x080037a8        0x4 bn_bgs_manager.o
                0x080037a8                bn::bgs_manager::mat_attributes(void*)
 .text._ZN2bn11bgs_manager20update_windows_flagsEPj
                0x080037ac       0x7c bn_bgs_manager.o
                0x080037ac                bn::bgs_manager::update_windows_flags(unsigned int*)
 .text._ZN2bn11bgs_manager14update_camerasEv
                0x08003828      0x14c bn_bgs_manager.o
                0x08003828                bn::bgs_manager::update_cameras()
 .text._ZN2bn11bgs_manager36fill_hblank_effect_regular_positionsEiPKNS_7fixed_tILi12EEEPt
                0x08003974       0x38 bn_bgs_manager.o
                0x08003974                bn::bgs_manager::fill_hblank_effect_regular_positions(int, bn::fixed_t<12> const*, unsigned short*)
 .text._ZN2bn11bgs_manager45fill_hblank_effect_pivot_horizontal_positionsEPvPKNS_7fixed_tILi12EEEPj
                0x080039ac       0x24 bn_bgs_manager.o
                0x080039ac                bn::bgs_manager::fill_hblank_effect_pivot_horizontal_positions(void*, bn::fixed_t<12> const*, unsigned int*)
 .text._ZN2bn11bgs_manager43fill_hblank_effect_pivot_vertical_positionsEPvPKNS_7fixed_tILi12EEEPj
                0x080039d0       0x24 bn_bgs_manager.o
                0x080039d0                bn::bgs_manager::fill_hblank_effect_pivot_vertical_positions(void*, bn::fixed_t<12> const*, unsigned int*)
 .text._ZN2bn11bgs_manager6commitEb
                0x080039f4       0x58 bn_bgs_manager.o
                0x080039f4                bn::bgs_manager::commit(bool)
 .text._ZN2bn11bgs_manager4stopEv
                0x08003a4c       0x28 bn_bgs_manager.o
                0x08003a4c                bn::bgs_manager::stop()
 .text._ZN3_bn6assert9show_argsIA30_cEEvPKcS4_S4_iRKT_
                0x08003a74       0x48 bn_bgs_manager.o
                0x08003a74                void _bn::assert::show_args<char [30]>(char const*, char const*, char const*, int, char const (&) [30])
 .text._ZN3_bn6assert9show_argsIA27_cEEvPKcS4_S4_iRKT_
                0x08003abc       0x48 bn_bgs_manager.o
                0x08003abc                void _bn::assert::show_args<char [27]>(char const*, char const*, char const*, int, char const (&) [27])
 .text._ZN3_bn6assert9show_argsIA46_cEEvPKcS4_S4_iRKT_
                0x08003b04       0x48 bn_bgs_manager.o
                0x08003b04                void _bn::assert::show_args<char [46]>(char const*, char const*, char const*, int, char const (&) [46])
 .text._ZN2bn11bgs_manager15rebuild_handlesEv.part.0
                0x08003b4c      0x1a8 bn_bgs_manager.o
 .text._ZN2bn11bgs_manager37fill_hblank_effect_regular_attributesEPvPKNS_21regular_bg_attributesEPt
                0x08003cf4      0x100 bn_bgs_manager.o
                0x08003cf4                bn::bgs_manager::fill_hblank_effect_regular_attributes(void*, bn::regular_bg_attributes const*, unsigned short*)
 .text._ZN2bn11bgs_manager6updateEv
                0x08003df4      0x16c bn_bgs_manager.o
                0x08003df4                bn::bgs_manager::update()
 .text._ZN2bn11bgs_manager15commit_big_mapsEv
                0x08003f60      0x1d0 bn_bgs_manager.o
                0x08003f60                bn::bgs_manager::commit_big_maps()
 .text._ZN2bn11bgs_manager36fill_hblank_effect_affine_attributesEPvPKNS_20affine_bg_attributesEPt
                0x08004130      0x104 bn_bgs_manager.o
                0x08004130                bn::bgs_manager::fill_hblank_effect_affine_attributes(void*, bn::affine_bg_attributes const*, unsigned short*)
 .text._ZN2bn11bgs_manager10affine_mapEPv
                0x08004234       0x34 bn_bgs_manager.o
                0x08004234                bn::bgs_manager::affine_map(void*)
 .text._ZN2bn11bgs_manager11regular_mapEPv
                0x08004268       0x34 bn_bgs_manager.o
                0x08004268                bn::bgs_manager::regular_map(void*)
 .text._ZN3_bn6assert9show_argsIA13_cEEvPKcS4_S4_iRKT_
                0x0800429c       0x48 bn_bgs_manager.o
                0x0800429c                void _bn::assert::show_args<char [13]>(char const*, char const*, char const*, int, char const (&) [13])
 .text.startup._GLOBAL__sub_I__ZN2bn3bgs16used_items_countEv
                0x080042e4       0x90 bn_bgs_manager.o
 .text._ZN2bn10camera_ptrD2Ev
                0x08004374       0x38 bn_cameras_manager.o
                0x08004374                bn::camera_ptr::~camera_ptr()
                0x08004374                bn::camera_ptr::~camera_ptr()
 .text._ZNK2bn10camera_ptr8positionEv
                0x080043ac       0x14 bn_cameras_manager.o
                0x080043ac                bn::camera_ptr::position() const
 .text._ZN2bn15cameras_manager4initEv
                0x080043c0       0x24 bn_cameras_manager.o
                0x080043c0                bn::cameras_manager::init()
 .text._ZN2bn15cameras_manager6updateEv
                0x080043e4       0x28 bn_cameras_manager.o
                0x080043e4                bn::cameras_manager::update()
 .text.startup._GLOBAL__sub_I__ZN2bn7cameras16used_items_countEv
                0x0800440c       0x24 bn_cameras_manager.o
 .text._ZN2bn4core12_GLOBAL__N_14stopEb
                0x08004430       0x54 bn_core.o
 .text._ZN2bn4core12_GLOBAL__N_111update_implEv
                0x08004484      0x114 bn_core.o
 .text._ZN2bn11string_viewC2EPKc
                0x08004598       0x1c bn_core.o
                0x08004598                bn::string_view::string_view(char const*)
                0x08004598                bn::string_view::string_view(char const*)
 .text._ZN3_bn6assert12_GLOBAL__N_110_show_implEPKcS3_S3_iRKN2bn11string_viewE
                0x080045b4       0x80 bn_core.o
 .text._ZN2bn4core6updateEv
                0x08004634       0x78 bn_core.o
                0x08004634                bn::core::update()
 .text._ZN2bn4core4initERKNS_8optionalINS_5colorEEERKNS_11string_viewE
                0x080046ac      0x128 bn_core.o
                0x080046ac                bn::core::init(bn::optional<bn::color> const&, bn::string_view const&)
 .text._ZN2bn4core4initEv
                0x080047d4       0x24 bn_core.o
                0x080047d4                bn::core::init()
 .text._ZN2bn4core9on_vblankEv
                0x080047f8       0x2c bn_core.o
                0x080047f8                bn::core::on_vblank()
 .text._ZN3_bn6assert4showEPKcS2_S2_iRKN2bn12istring_baseE
                0x08004824       0x18 bn_core.o
                0x08004824                _bn::assert::show(char const*, char const*, char const*, int, bn::istring_base const&)
 .text.startup._GLOBAL__sub_I__ZN2bn4core4initEv
                0x0800483c       0x4c bn_core.o
 .text._ZN2bn15display_manager12_GLOBAL__N_111static_dataD2Ev
                0x08004888       0x34 bn_display_manager.o
 .text._ZN2bn15display_manager12_GLOBAL__N_134_update_rect_windows_hw_boundariesEi
                0x080048bc       0x7c bn_display_manager.o
 .text._ZN2bn15display_manager4initEv
                0x08004938       0xa4 bn_display_manager.o
                0x08004938                bn::display_manager::init()
 .text._ZN2bn15display_manager8set_modeEi
                0x080049dc       0x1c bn_display_manager.o
                0x080049dc                bn::display_manager::set_mode(int)
 .text._ZN2bn15display_manager14set_bg_enabledEib
                0x080049f8       0x18 bn_display_manager.o
                0x080049f8                bn::display_manager::set_bg_enabled(int, bool)
 .text._ZN2bn15display_manager15disable_all_bgsEv
                0x08004a10       0x14 bn_display_manager.o
                0x08004a10                bn::display_manager::disable_all_bgs()
 .text._ZN2bn15display_manager36fill_mosaic_hblank_effect_attributesEPKNS_17mosaic_attributesEPt
                0x08004a24       0xb4 bn_display_manager.o
                0x08004a24                bn::display_manager::fill_mosaic_hblank_effect_attributes(bn::mosaic_attributes const*, unsigned short*)
 .text._ZN2bn15display_manager27set_blending_top_bg_enabledEib
                0x08004ad8       0x20 bn_display_manager.o
                0x08004ad8                bn::display_manager::set_blending_top_bg_enabled(int, bool)
 .text._ZN2bn15display_manager30set_blending_bottom_bg_enabledEib
                0x08004af8       0x20 bn_display_manager.o
                0x08004af8                bn::display_manager::set_blending_bottom_bg_enabled(int, bool)
 .text._ZN2bn15display_manager32blending_transparency_top_weightEv
                0x08004b18       0x18 bn_display_manager.o
                0x08004b18                bn::display_manager::blending_transparency_top_weight()
 .text._ZN2bn15display_manager35blending_transparency_bottom_weightEv
                0x08004b30       0x28 bn_display_manager.o
                0x08004b30                bn::display_manager::blending_transparency_bottom_weight()
 .text._ZN2bn15display_manager51fill_blending_transparency_hblank_effect_attributesEPKNS_32blending_transparency_attributesEPt
                0x08004b58       0x30 bn_display_manager.o
                0x08004b58                bn::display_manager::fill_blending_transparency_hblank_effect_attributes(bn::blending_transparency_attributes const*, unsigned short*)
 .text._ZN2bn15display_manager21blending_fade_enabledEv
                0x08004b88        0xc bn_display_manager.o
                0x08004b88                bn::display_manager::blending_fade_enabled()
 .text._ZN2bn15display_manager39fill_blending_fade_hblank_effect_alphasEPKNS_19blending_fade_alphaEPt
                0x08004b94       0x24 bn_display_manager.o
                0x08004b94                bn::display_manager::fill_blending_fade_hblank_effect_alphas(bn::blending_fade_alpha const*, unsigned short*)
 .text._ZN2bn15display_manager26update_windows_visible_bgsEv
                0x08004bb8       0x14 bn_display_manager.o
                0x08004bb8                bn::display_manager::update_windows_visible_bgs()
 .text._ZN2bn15display_manager36rect_window_hw_horizontal_boundariesEi
                0x08004bcc       0x18 bn_display_manager.o
                0x08004bcc                bn::display_manager::rect_window_hw_horizontal_boundaries(int)
 .text._ZN2bn15display_manager34rect_window_hw_vertical_boundariesEi
                0x08004be4       0x18 bn_display_manager.o
                0x08004be4                bn::display_manager::rect_window_hw_vertical_boundaries(int)
 .text._ZN2bn15display_manager52fill_rect_window_hblank_effect_horizontal_boundariesERKSt4pairIiiEPKS1_INS_7fixed_tILi12EEES6_EPt
                0x08004bfc      0x134 bn_display_manager.o
                0x08004bfc                bn::display_manager::fill_rect_window_hblank_effect_horizontal_boundaries(std::pair<int, int> const&, std::pair<bn::fixed_t<12>, bn::fixed_t<12> > const*, unsigned short*)
 .text._ZN2bn15display_manager50fill_rect_window_hblank_effect_vertical_boundariesERKSt4pairIiiEPKS1_INS_7fixed_tILi12EEES6_EPt
                0x08004d30      0x134 bn_display_manager.o
                0x08004d30                bn::display_manager::fill_rect_window_hblank_effect_vertical_boundaries(std::pair<int, int> const&, std::pair<bn::fixed_t<12>, bn::fixed_t<12> > const*, unsigned short*)
 .text._ZN2bn15display_manager36fill_green_swap_hblank_effect_statesEPKbPt
                0x08004e64       0x38 bn_display_manager.o
                0x08004e64                bn::display_manager::fill_green_swap_hblank_effect_states(bool const*, unsigned short*)
 .text._ZN2bn15display_manager14update_camerasEv
                0x08004e9c       0x40 bn_display_manager.o
                0x08004e9c                bn::display_manager::update_cameras()
 .text._ZN2bn15display_manager6updateEv
                0x08004edc      0x254 bn_display_manager.o
                0x08004edc                bn::display_manager::update()
 .text._ZN2bn15display_manager6commitEv
                0x08005130      0x12c bn_display_manager.o
                0x08005130                bn::display_manager::commit()
 .text._ZN2bn15display_manager4stopEv
                0x0800525c       0x28 bn_display_manager.o
                0x0800525c                bn::display_manager::stop()
 .text._ZN3_bn6assert9show_argsIA66_cEEvPKcS4_S4_iRKT_
                0x08005284       0x48 bn_display_manager.o
                0x08005284                void _bn::assert::show_args<char [66]>(char const*, char const*, char const*, int, char const (&) [66])
 .text.startup._GLOBAL__sub_I__ZNK2bn6window7show_bgERKNS_14regular_bg_ptrE
                0x080052cc       0xa4 bn_display_manager.o
 .text._ZN2bn12gpio_manager5sleepEv
                0x08005370       0x28 bn_gpio_manager.o
                0x08005370                bn::gpio_manager::sleep()
 .text._ZN2bn22hblank_effects_manager12_GLOBAL__N_19item_type18_output_values_ptrEv
                0x08005398       0x40 bn_hblank_effects_manager.o
 .text._ZN2bn22hblank_effects_manager7disableEv
                0x080053d8       0x24 bn_hblank_effects_manager.o
                0x080053d8                bn::hblank_effects_manager::disable()
 .text._ZN2bn22hblank_effects_manager6commitEv
                0x080053fc       0x88 bn_hblank_effects_manager.o
                0x080053fc                bn::hblank_effects_manager::commit()
 .text._ZN2bn22hblank_effects_manager12_GLOBAL__N_110_is_uint32ENS0_12handler_typeE
                0x08005484       0x64 bn_hblank_effects_manager.o
 .text._ZN2bn22hblank_effects_manager12_GLOBAL__N_19item_type12check_updateEv
                0x080054e8     0x1640 bn_hblank_effects_manager.o
 .text._ZN3_bn6assert9show_argsIA18_cEEvPKcS4_S4_iRKT_
                0x08006b28       0x48 bn_hblank_effects_manager.o
                0x08006b28                void _bn::assert::show_args<char [18]>(char const*, char const*, char const*, int, char const (&) [18])
 .text._ZN2bn22hblank_effects_manager6updateEv
                0x08006b70      0x1ec bn_hblank_effects_manager.o
                0x08006b70                bn::hblank_effects_manager::update()
 .text._ZN2bn22hblank_effects_manager4initEv
                0x08006d5c      0x190 bn_hblank_effects_manager.o
                0x08006d5c                bn::hblank_effects_manager::init()
 .text.startup._GLOBAL__sub_I__ZN2bn4hbes10used_countEv
                0x08006eec       0xe8 bn_hblank_effects_manager.o
 .text._ZN2bn12hdma_manager4initEv
                0x08006fd4       0x40 bn_hdma_manager.o
                0x08006fd4                bn::hdma_manager::init()
 .text._ZN2bn12hdma_manager10force_stopEv
                0x08007014       0x3c bn_hdma_manager.o
                0x08007014                bn::hdma_manager::force_stop()
 .text._ZN2bn12hdma_manager7disableEv
                0x08007050       0x30 bn_hdma_manager.o
                0x08007050                bn::hdma_manager::disable()
 .text._ZN2bn12hdma_manager6updateEv
                0x08007080       0x6c bn_hdma_manager.o
                0x08007080                bn::hdma_manager::update()
 .text._ZN2bn12hdma_manager6commitEb
                0x080070ec      0x120 bn_hdma_manager.o
                0x080070ec                bn::hdma_manager::commit(bool)
 .text.startup._GLOBAL__sub_I__ZN2bn4hdma7runningEv
                0x0800720c       0x34 bn_hdma_manager.o
 .text._ZN2bn6keypad9a_pressedEv
                0x08007240       0x10 bn_keypad_manager.o
                0x08007240                bn::keypad::a_pressed()
 .text._ZN2bn6keypad14select_pressedEv
                0x08007250       0x10 bn_keypad_manager.o
                0x08007250                bn::keypad::select_pressed()
 .text._ZN2bn6keypad10right_heldEv
                0x08007260       0x10 bn_keypad_manager.o
                0x08007260                bn::keypad::right_held()
 .text._ZN2bn6keypad9left_heldEv
                0x08007270       0x10 bn_keypad_manager.o
                0x08007270                bn::keypad::left_held()
 .text._ZN2bn6keypad10up_pressedEv
                0x08007280       0x10 bn_keypad_manager.o
                0x08007280                bn::keypad::up_pressed()
 .text._ZN2bn14keypad_manager4stopEv
                0x08007290        0x4 bn_keypad_manager.o
                0x08007290                bn::keypad_manager::stop()
 .text._ZN2bn14keypad_manager6updateEv
                0x08007294       0xa8 bn_keypad_manager.o
                0x08007294                bn::keypad_manager::update()
 .text._ZN2bn14keypad_manager4initERKNS_11string_viewE
                0x0800733c       0x64 bn_keypad_manager.o
                0x0800733c                bn::keypad_manager::init(bn::string_view const&)
 .text._ZN3_bn6assert9show_argsIA16_cEEvPKcS4_S4_iRKT_
                0x080073a0       0x48 bn_keypad_manager.o
                0x080073a0                void _bn::assert::show_args<char [16]>(char const*, char const*, char const*, int, char const (&) [16])
 .text._ZN2bn12link_manager4initEv
                0x080073e8        0xc bn_link_manager.o
                0x080073e8                bn::link_manager::init()
 .text._ZN2bn12link_manager6activeEv
                0x080073f4        0xc bn_link_manager.o
                0x080073f4                bn::link_manager::active()
 .text._ZN2bn12link_manager7disableEv
                0x08007400       0x18 bn_link_manager.o
                0x08007400                bn::link_manager::disable()
 .text._ZN2bn14memory_manager12_GLOBAL__N_111static_dataD2Ev
                0x08007418       0x10 bn_memory_manager.o
 .text._ZN2bn14memory_manager4initEv
                0x08007428       0x2c bn_memory_manager.o
                0x08007428                bn::memory_manager::init()
 .text.startup._GLOBAL__sub_I__Znwj
                0x08007454       0x20 bn_memory_manager.o
 .text._ZN2bn16palettes_manager12_GLOBAL__N_111static_dataD2Ev
                0x08007474        0x4 bn_palettes_manager.o
 .text._ZN2bn2hw8palettes9grayscaleEPKNS_5colorEiiPS2_.part.0
                0x08007478       0x40 bn_palettes_manager.o
 .text._ZN2bn11bg_palettes21set_transparent_colorENS_5colorE
                0x080074b8       0x40 bn_palettes_manager.o
                0x080074b8                bn::bg_palettes::set_transparent_color(bn::color)
 .text._ZNK2bn14bg_palette_ptr3bppEv
                0x080074f8       0x20 bn_palettes_manager.o
                0x080074f8                bn::bg_palette_ptr::bpp() const
 .text._ZN2bn18sprite_palette_ptrC2ERKS0_
                0x08007518       0x1c bn_palettes_manager.o
                0x08007518                bn::sprite_palette_ptr::sprite_palette_ptr(bn::sprite_palette_ptr const&)
                0x08007518                bn::sprite_palette_ptr::sprite_palette_ptr(bn::sprite_palette_ptr const&)
 .text._ZNK2bn18sprite_palette_ptr3bppEv
                0x08007534       0x1c bn_palettes_manager.o
                0x08007534                bn::sprite_palette_ptr::bpp() const
 .text._ZNK2bn13palettes_bank10log_statusEv
                0x08007550      0x17c bn_palettes_manager.o
                0x08007550                bn::palettes_bank::log_status() const
 .text._ZN2bn13palettes_bank10find_bpp_4ERKNS_4spanIKNS_5colorEEEt
                0x080076cc      0x118 bn_palettes_manager.o
                0x080076cc                bn::palettes_bank::find_bpp_4(bn::span<bn::color const> const&, unsigned short)
 .text._ZNK2bn13palettes_bank20retrieve_commit_dataEv
                0x080077e4       0x4c bn_palettes_manager.o
                0x080077e4                bn::palettes_bank::retrieve_commit_data() const
 .text._ZNK2bn13palettes_bank21_apply_global_effectsEiPNS_5colorE
                0x08007830      0x13c bn_palettes_manager.o
                0x08007830                bn::palettes_bank::_apply_global_effects(int, bn::color*) const
 .text._ZNK2bn13palettes_bank25fill_hblank_effect_colorsEPKNS_5colorEPt
                0x0800796c       0x30 bn_palettes_manager.o
                0x0800796c                bn::palettes_bank::fill_hblank_effect_colors(bn::color const*, unsigned short*) const
 .text._ZNK2bn13palettes_bank7palette13apply_effectsEiPNS_5colorE
                0x0800799c       0xbc bn_palettes_manager.o
                0x0800799c                bn::palettes_bank::palette::apply_effects(int, bn::color*) const
 .text._ZNK2bn13palettes_bank25fill_hblank_effect_colorsEiPKNS_5colorEPt
                0x08007a58       0x44 bn_palettes_manager.o
                0x08007a58                bn::palettes_bank::fill_hblank_effect_colors(int, bn::color const*, unsigned short*) const
 .text._ZN2bn13palettes_bank15_update_paletteEi
                0x08007a9c       0x7c bn_palettes_manager.o
                0x08007a9c                bn::palettes_bank::_update_palette(int)
 .text._ZN2bn13palettes_bank6updateEv
                0x08007b18      0x134 bn_palettes_manager.o
                0x08007b18                bn::palettes_bank::update()
 .text._ZN2bn13palettes_bankC2Ev
                0x08007c4c       0xd4 bn_palettes_manager.o
                0x08007c4c                bn::palettes_bank::palettes_bank()
                0x08007c4c                bn::palettes_bank::palettes_bank()
 .text._ZN2bn16palettes_manager4initERKNS_8optionalINS_5colorEEE
                0x08007d20      0x184 bn_palettes_manager.o
                0x08007d20                bn::palettes_manager::init(bn::optional<bn::color> const&)
 .text._ZN2bn16palettes_manager20sprite_palettes_bankEv
                0x08007ea4        0x8 bn_palettes_manager.o
                0x08007ea4                bn::palettes_manager::sprite_palettes_bank()
 .text._ZN2bn16palettes_manager16bg_palettes_bankEv
                0x08007eac        0x8 bn_palettes_manager.o
                0x08007eac                bn::palettes_manager::bg_palettes_bank()
 .text._ZN2bn16palettes_manager6updateEv
                0x08007eb4       0x20 bn_palettes_manager.o
                0x08007eb4                bn::palettes_manager::update()
 .text._ZN2bn16palettes_manager6commitEb
                0x08007ed4      0x104 bn_palettes_manager.o
                0x08007ed4                bn::palettes_manager::commit(bool)
 .text._ZN2bn16palettes_manager4stopEv
                0x08007fd8       0x20 bn_palettes_manager.o
                0x08007fd8                bn::palettes_manager::stop()
 .text._ZN3_bn6assert9show_argsIA35_cEEvPKcS4_S4_iRKT_
                0x08007ff8       0x48 bn_palettes_manager.o
                0x08007ff8                void _bn::assert::show_args<char [35]>(char const*, char const*, char const*, int, char const (&) [35])
 .text._ZN2bn13palettes_bank11colors_hashERKNS_4spanIKNS_5colorEEE
                0x08008040       0x48 bn_palettes_manager.o
                0x08008040                bn::palettes_bank::colors_hash(bn::span<bn::color const> const&)
 .text._ZN3_bn6assert9show_argsIJA43_ciA36_cA42_cEEEvPKcS6_S6_iDpRKT_
                0x08008088       0x64 bn_palettes_manager.o
                0x08008088                void _bn::assert::show_args<char [43], int, char [36], char [42]>(char const*, char const*, char const*, int, char const (&) [43], int const&, char const (&) [36], char const (&) [42])
 .text._ZN2bn13palettes_bank12create_bpp_8ERKNS_4spanIKNS_5colorEEENS_16compression_typeEb
                0x080080ec      0x230 bn_palettes_manager.o
                0x080080ec                bn::palettes_bank::create_bpp_8(bn::span<bn::color const> const&, bn::compression_type, bool)
 .text._ZNK2bn19sprite_palette_item10decompressENS_4spanINS_5colorEEE
                0x0800831c      0x16c bn_palettes_manager.o
                0x0800831c                bn::sprite_palette_item::decompress(bn::span<bn::color>) const
 .text._ZN2bn14iunordered_mapItsNS_15identity_hasherENS_8equal_toItEEE21insert_or_assign_hashEjOSt4pairIKtsE.isra.0
                0x08008488      0x114 bn_palettes_manager.o
 .text._ZN2bn13palettes_bank12create_bpp_4ERKNS_4spanIKNS_5colorEEEtb
                0x0800859c      0x168 bn_palettes_manager.o
                0x0800859c                bn::palettes_bank::create_bpp_4(bn::span<bn::color const> const&, unsigned short, bool)
 .text._ZN2bn12_GLOBAL__N_112_create_implERKNS_19sprite_palette_itemEb
                0x08008704       0x7c bn_palettes_manager.o
 .text._ZNK2bn19sprite_palette_item14create_paletteEv
                0x08008780       0x48 bn_palettes_manager.o
                0x08008780                bn::sprite_palette_item::create_palette() const
 .text._ZN2bn14iunordered_mapItsNS_15identity_hasherENS_8equal_toItEEE5eraseERKNS4_14const_iteratorE.isra.0
                0x080087c8      0x1b4 bn_palettes_manager.o
 .text._ZN2bn13palettes_bank15decrease_usagesEi
                0x0800897c       0xd8 bn_palettes_manager.o
                0x0800897c                bn::palettes_bank::decrease_usages(int)
 .text._ZN2bn14bg_palette_ptrD2Ev
                0x08008a54       0x20 bn_palettes_manager.o
                0x08008a54                bn::bg_palette_ptr::~bg_palette_ptr()
                0x08008a54                bn::bg_palette_ptr::~bg_palette_ptr()
 .text._ZN2bn18sprite_palette_ptrD2Ev
                0x08008a74       0x20 bn_palettes_manager.o
                0x08008a74                bn::sprite_palette_ptr::~sprite_palette_ptr()
                0x08008a74                bn::sprite_palette_ptr::~sprite_palette_ptr()
 .text.startup._GLOBAL__sub_I__ZN2bn11bg_palettes17used_colors_countEv
                0x08008a94       0x34 bn_palettes_manager.o
 .text._ZN2bn26sprite_affine_mats_manager12_GLOBAL__N_119_sprite_double_sizeILi32ELi16EEEbiiiii
                0x08008ac8       0x84 bn_sprite_affine_mats_manager.o
 .text._ZN2bn26sprite_affine_mats_manager12_GLOBAL__N_119_sprite_double_sizeILi16ELi32EEEbiiiii
                0x08008b4c       0x84 bn_sprite_affine_mats_manager.o
 .text._ZN2bn26sprite_affine_mats_manager12_GLOBAL__N_111static_dataD2Ev
                0x08008bd0       0x3c bn_sprite_affine_mats_manager.o
 .text._ZNK2bn26sprite_affine_mats_manager12_GLOBAL__N_19item_type18sprite_double_sizeEiRKNS_17sprite_shape_sizeE.isra.0
                0x08008c0c      0x1ac bn_sprite_affine_mats_manager.o
 .text._ZNK2bn21sprite_affine_mat_ptr15horizontal_flipEv
                0x08008db8       0x18 bn_sprite_affine_mats_manager.o
                0x08008db8                bn::sprite_affine_mat_ptr::horizontal_flip() const
 .text._ZN2bn21sprite_affine_mat_ptr19set_horizontal_flipEb
                0x08008dd0       0x78 bn_sprite_affine_mats_manager.o
                0x08008dd0                bn::sprite_affine_mat_ptr::set_horizontal_flip(bool)
 .text._ZNK2bn21sprite_affine_mat_ptr13vertical_flipEv
                0x08008e48       0x18 bn_sprite_affine_mats_manager.o
                0x08008e48                bn::sprite_affine_mat_ptr::vertical_flip() const
 .text._ZNK2bn21sprite_affine_mat_ptr16flipped_identityEv
                0x08008e60       0x14 bn_sprite_affine_mats_manager.o
                0x08008e60                bn::sprite_affine_mat_ptr::flipped_identity() const
 .text._ZN2bn26sprite_affine_mats_manager13attach_spriteEiRNS_24intrusive_list_node_typeE
                0x08008e74       0x2c bn_sprite_affine_mats_manager.o
                0x08008e74                bn::sprite_affine_mats_manager::attach_sprite(int, bn::intrusive_list_node_type&)
 .text._ZN2bn26sprite_affine_mats_manager18sprite_double_sizeEiRKNS_17sprite_shape_sizeE
                0x08008ea0       0x4c bn_sprite_affine_mats_manager.o
                0x08008ea0                bn::sprite_affine_mats_manager::sprite_double_size(int, bn::sprite_shape_size const&)
 .text._ZN2bn26sprite_affine_mats_manager20retrieve_commit_dataEv
                0x08008eec       0x38 bn_sprite_affine_mats_manager.o
                0x08008eec                bn::sprite_affine_mats_manager::retrieve_commit_data()
 .text._ZN3_bn6assert9show_argsIA37_cEEvPKcS4_S4_iRKT_
                0x08008f24       0x48 bn_sprite_affine_mats_manager.o
                0x08008f24                void _bn::assert::show_args<char [37]>(char const*, char const*, char const*, int, char const (&) [37])
 .text._ZN2bn26sprite_affine_mats_manager15decrease_usagesEi.part.0
                0x08008f6c       0x70 bn_sprite_affine_mats_manager.o
 .text._ZN2bn21sprite_affine_mat_ptrD2Ev
                0x08008fdc       0x34 bn_sprite_affine_mats_manager.o
                0x08008fdc                bn::sprite_affine_mat_ptr::~sprite_affine_mat_ptr()
                0x08008fdc                bn::sprite_affine_mat_ptr::~sprite_affine_mat_ptr()
 .text._ZN2bn26sprite_affine_mats_manager6updateEv
                0x08009010      0x2d0 bn_sprite_affine_mats_manager.o
                0x08009010                bn::sprite_affine_mats_manager::update()
 .text._ZN2bn26sprite_affine_mats_manager4initEPv
                0x080092e0      0x108 bn_sprite_affine_mats_manager.o
                0x080092e0                bn::sprite_affine_mats_manager::init(void*)
 .text._ZN2bn26sprite_affine_mats_manager14dettach_spriteEiRNS_24intrusive_list_node_typeE
                0x080093e8       0x50 bn_sprite_affine_mats_manager.o
                0x080093e8                bn::sprite_affine_mats_manager::dettach_sprite(int, bn::intrusive_list_node_type&)
 .text.startup._GLOBAL__sub_I__ZN2bn18sprite_affine_mats10used_countEv
                0x08009438       0xb4 bn_sprite_affine_mats_manager.o
 .text._ZN2bn22isprite_animate_action9_set_refsERNS_10sprite_ptrERNS_17sprite_tiles_itemERNS_7ivectorItEE
                0x080094ec        0x4 bn_sprite_animate_actions.o
                0x080094ec                bn::isprite_animate_action::_set_refs(bn::sprite_ptr&, bn::sprite_tiles_item&, bn::ivector<unsigned short>&)
 .text._ZN2bn22isprite_animate_action7_assignERKS0_
                0x080094f0       0x10 bn_sprite_animate_actions.o
                0x080094f0                bn::isprite_animate_action::_assign(bn::isprite_animate_action const&)
 .text._ZN2bn22isprite_animate_action16set_wait_updatesEi
                0x08009500       0x68 bn_sprite_animate_actions.o
                0x08009500                bn::isprite_animate_action::set_wait_updates(int)
 .text._ZN3_bn6assert9show_argsIA33_ciEEvPKcS4_S4_iRKT_RKT0_
                0x08009568       0x54 bn_sprite_animate_actions.o
                0x08009568                void _bn::assert::show_args<char [33], int>(char const*, char const*, char const*, int, char const (&) [33], int const&)
 .text._ZN2bn22isprite_animate_action24_assign_graphics_indexesERKNS_4spanIKtEE
                0x080095bc       0x84 bn_sprite_animate_actions.o
                0x080095bc                bn::isprite_animate_action::_assign_graphics_indexes(bn::span<unsigned short const> const&)
 .text._ZN2bn22isprite_animate_action6updateEv
                0x08009640       0xb8 bn_sprite_animate_actions.o
                0x08009640                bn::isprite_animate_action::update()
 .text._ZN2bn21sprite_text_generator5_initEv
                0x080096f8      0x180 bn_sprite_text_generator.o
                0x080096f8                bn::sprite_text_generator::_init()
 .text._ZN2bn21sprite_text_generatorC2ERKNS_11sprite_fontE
                0x08009878       0x2c bn_sprite_text_generator.o
                0x08009878                bn::sprite_text_generator::sprite_text_generator(bn::sprite_font const&)
                0x08009878                bn::sprite_text_generator::sprite_text_generator(bn::sprite_font const&)
 .text._ZN3_bn6assert9show_argsIA54_cEEvPKcS4_S4_iRKT_
                0x080098a4       0x48 bn_sprite_text_generator.o
                0x080098a4                void _bn::assert::show_args<char [54]>(char const*, char const*, char const*, int, char const (&) [54])
 .text._ZN3_bn6assert9show_argsIJA25_ciA4_ctEEEvPKcS5_S5_iDpRKT_
                0x080098ec       0x64 bn_sprite_text_generator.o
                0x080098ec                void _bn::assert::show_args<char [25], int, char [4], unsigned short>(char const*, char const*, char const*, int, char const (&) [25], int const&, char const (&) [4], unsigned short const&)
 .text._ZN2bn14utf8_characterC2ERKc
                0x08009950      0x140 bn_sprite_text_generator.o
                0x08009950                bn::utf8_character::utf8_character(char const&)
                0x08009950                bn::utf8_character::utf8_character(char const&)
 .text._ZN2bn12_GLOBAL__N_115_graphics_indexEcRKNS_23utf8_characters_map_refEPKcRi.part.0
                0x08009a90       0x8c bn_sprite_text_generator.o
 .text._ZN2bn21sprite_text_generator15set_bg_priorityEi
                0x08009b1c       0x3c bn_sprite_text_generator.o
                0x08009b1c                bn::sprite_text_generator::set_bg_priority(int)
 .text._ZN3_bn6assert9show_argsIJA20_ccA9_cN2bn11string_viewEA2_cEEEvPKcS8_S8_iDpRKT_
                0x08009b58       0x6c bn_sprite_text_generator.o
                0x08009b58                void _bn::assert::show_args<char [20], char, char [9], bn::string_view, char [2]>(char const*, char const*, char const*, int, char const (&) [20], char const&, char const (&) [9], bn::string_view const&, char const (&) [2])
 .text._ZNK2bn21sprite_text_generator5widthERKNS_11string_viewE
                0x08009bc4      0x244 bn_sprite_text_generator.o
                0x08009bc4                bn::sprite_text_generator::width(bn::string_view const&) const
 .text._ZN3_bn6assert9show_argsIA55_cEEvPKcS4_S4_iRKT_
                0x08009e08       0x48 bn_sprite_text_generator.o
                0x08009e08                void _bn::assert::show_args<char [55]>(char const*, char const*, char const*, int, char const (&) [55])
 .text._ZN2bn12_GLOBAL__N_120_build_sprite_assertILNS_11sprite_sizeE2EEEPNS_4tileERKNS_21sprite_text_generatorERKNS_18sprite_palette_ptrERKNS_13fixed_point_tILi12EEERNS_7ivectorINS_10sprite_ptrEEE
                0x08009e50      0x1bc bn_sprite_text_generator.o
 .text._ZN2bn12_GLOBAL__N_120_build_sprite_assertILNS_11sprite_sizeE1EEEPNS_4tileERKNS_21sprite_text_generatorERKNS_18sprite_palette_ptrERKNS_13fixed_point_tILi12EEERNS_7ivectorINS_10sprite_ptrEEE
                0x0800a00c      0x1bc bn_sprite_text_generator.o
 .text._ZN2bn12_GLOBAL__N_19_generateILb0EEEbRKNS_21sprite_text_generatorERKNS_13fixed_point_tILi12EEERKNS_11string_viewERKNS_23utf8_characters_map_refEiibRNS_7ivectorINS_10sprite_ptrEEE.isra.0
                0x0800a1c8     0x11c0 bn_sprite_text_generator.o
 .text._ZNK2bn21sprite_text_generator8generateENS_7fixed_tILi12EEES2_RKNS_11string_viewERNS_7ivectorINS_10sprite_ptrEEE
                0x0800b388       0x40 bn_sprite_text_generator.o
                0x0800b388                bn::sprite_text_generator::generate(bn::fixed_t<12>, bn::fixed_t<12>, bn::string_view const&, bn::ivector<bn::sprite_ptr>&) const
 .text._ZNK2bn16sprite_tiles_ptr2idEv
                0x0800b3c8       0x18 bn_sprite_tiles_manager.o
                0x0800b3c8                bn::sprite_tiles_ptr::id() const
 .text._ZNK2bn16sprite_tiles_ptr11tiles_countEv
                0x0800b3e0       0x18 bn_sprite_tiles_manager.o
                0x0800b3e0                bn::sprite_tiles_ptr::tiles_count() const
 .text._ZN2bn20sprite_tiles_manager10log_statusEv
                0x0800b3f8      0x1ec bn_sprite_tiles_manager.o
                0x0800b3f8                bn::sprite_tiles_manager::log_status()
 .text._ZN2bn20sprite_tiles_manager19commit_uncompressedEb
                0x0800b5e4       0xdc bn_sprite_tiles_manager.o
                0x0800b5e4                bn::sprite_tiles_manager::commit_uncompressed(bool)
 .text._ZN3_bn6assert9show_argsIA27_chEEvPKcS4_S4_iRKT_RKT0_
                0x0800b6c0       0x54 bn_sprite_tiles_manager.o
                0x0800b6c0                void _bn::assert::show_args<char [27], unsigned char>(char const*, char const*, char const*, int, char const (&) [27], unsigned char const&)
 .text._ZN3_bn6assert9show_argsIJA44_cPKN2bn4tileEA4_cS6_EEEvPKcS9_S9_iDpRKT_
                0x0800b714       0x64 bn_sprite_tiles_manager.o
                0x0800b714                void _bn::assert::show_args<char [44], bn::tile const*, char [4], bn::tile const*>(char const*, char const*, char const*, int, char const (&) [44], bn::tile const* const&, char const (&) [4], bn::tile const* const&)
 .text._ZN3_bn6assert9show_argsIJA46_ciA4_cjEEEvPKcS5_S5_iDpRKT_
                0x0800b778       0x64 bn_sprite_tiles_manager.o
                0x0800b778                void _bn::assert::show_args<char [46], int, char [4], unsigned int>(char const*, char const*, char const*, int, char const (&) [46], int const&, char const (&) [4], unsigned int const&)
 .text._ZN2bn20sprite_tiles_manager12_GLOBAL__N_110_hw_commitEPKNS_4tileENS_16compression_typeEii
                0x0800b7dc       0x9c bn_sprite_tiles_manager.o
 .text._ZN2bn20sprite_tiles_manager17commit_compressedEv
                0x0800b878       0x68 bn_sprite_tiles_manager.o
                0x0800b878                bn::sprite_tiles_manager::commit_compressed()
 .text._ZN3_bn6assert9show_argsIJA28_cA15_cPKN2bn4tileEA16_ciA34_cNS4_11string_viewEEEEvPKcSC_SC_iDpRKT_
                0x0800b8e0       0x7c bn_sprite_tiles_manager.o
                0x0800b8e0                void _bn::assert::show_args<char [28], char [15], bn::tile const*, char [16], int, char [34], bn::string_view>(char const*, char const*, char const*, int, char const (&) [28], char const (&) [15], bn::tile const* const&, char const (&) [16], int const&, char const (&) [34], bn::string_view const&)
 .text._ZN3_bn6assert9show_argsIJA44_ciA34_cN2bn11string_viewEEEEvPKcS7_S7_iDpRKT_
                0x0800b95c       0x64 bn_sprite_tiles_manager.o
                0x0800b95c                void _bn::assert::show_args<char [44], int, char [34], bn::string_view>(char const*, char const*, char const*, int, char const (&) [44], int const&, char const (&) [34], bn::string_view const&)
 .text._ZN2bn20sprite_tiles_manager4initEv
                0x0800b9c0      0x190 bn_sprite_tiles_manager.o
                0x0800b9c0                bn::sprite_tiles_manager::init()
 .text._ZN2bn20sprite_tiles_manager12_GLOBAL__N_122_insert_to_commit_itemEiRNS1_9item_typeE.part.0
                0x0800bb50       0x6c bn_sprite_tiles_manager.o
 .text._ZN2bn20sprite_tiles_manager12_GLOBAL__N_117_insert_free_itemEiPt
                0x0800bbbc       0xcc bn_sprite_tiles_manager.o
 .text._ZN2bn20sprite_tiles_manager12_GLOBAL__N_116_erase_free_itemEi
                0x0800bc88       0xe4 bn_sprite_tiles_manager.o
 .text._ZN2bn20sprite_tiles_manager12_GLOBAL__N_121_erase_to_commit_itemEiRNS1_9item_typeE
                0x0800bd6c      0x100 bn_sprite_tiles_manager.o
 .text._ZN2bn20sprite_tiles_manager15decrease_usagesEi
                0x0800be6c      0x134 bn_sprite_tiles_manager.o
                0x0800be6c                bn::sprite_tiles_manager::decrease_usages(int)
 .text._ZN2bn16sprite_tiles_ptrD2Ev
                0x0800bfa0       0x18 bn_sprite_tiles_manager.o
                0x0800bfa0                bn::sprite_tiles_ptr::~sprite_tiles_ptr()
                0x0800bfa0                bn::sprite_tiles_ptr::~sprite_tiles_ptr()
 .text._ZN2bn20sprite_tiles_manager12_GLOBAL__N_110_find_implEPKNS_4tileENS_16compression_typeEi
                0x0800bfb8      0x28c bn_sprite_tiles_manager.o
 .text._ZN2bn20sprite_tiles_manager4vramEi
                0x0800c244       0x4c bn_sprite_tiles_manager.o
                0x0800c244                bn::sprite_tiles_manager::vram(int)
 .text._ZN2bn16sprite_tiles_ptr4vramEv
                0x0800c290       0x14 bn_sprite_tiles_manager.o
                0x0800c290                bn::sprite_tiles_ptr::vram()
 .text._ZNK2bn17sprite_tiles_item10find_tilesEi
                0x0800c2a4       0xc8 bn_sprite_tiles_manager.o
                0x0800c2a4                bn::sprite_tiles_item::find_tiles(int) const
 .text._ZN2bn14iunordered_mapIPKNS_4tileEiNS_4hashIS3_EENS_8equal_toIS3_EEE5eraseERKNS8_14const_iteratorE.isra.0
                0x0800c36c      0x1b4 bn_sprite_tiles_manager.o
 .text._ZN2bn20sprite_tiles_manager12_GLOBAL__N_112_create_itemEiPKNS_4tileENS_16compression_typeEib
                0x0800c520      0x268 bn_sprite_tiles_manager.o
 .text._ZN2bn20sprite_tiles_manager12_GLOBAL__N_114_allocate_implEi
                0x0800c788       0xf8 bn_sprite_tiles_manager.o
 .text._ZN2bn20sprite_tiles_manager8allocateEiNS_8bpp_modeE
                0x0800c880       0xc4 bn_sprite_tiles_manager.o
                0x0800c880                bn::sprite_tiles_manager::allocate(int, bn::bpp_mode)
 .text._ZN2bn16sprite_tiles_ptr8allocateEiNS_8bpp_modeE
                0x0800c944       0x18 bn_sprite_tiles_manager.o
                0x0800c944                bn::sprite_tiles_ptr::allocate(int, bn::bpp_mode)
 .text._ZN2bn20sprite_tiles_manager6updateEv
                0x0800c95c      0x238 bn_sprite_tiles_manager.o
                0x0800c95c                bn::sprite_tiles_manager::update()
 .text._ZN2bn20sprite_tiles_manager12_GLOBAL__N_112_create_implEPKNS_4tileENS_16compression_typeEi
                0x0800cb94      0x200 bn_sprite_tiles_manager.o
 .text._ZN2bn20sprite_tiles_manager6createERKNS_4spanIKNS_4tileEEENS_16compression_typeE
                0x0800cd94      0x140 bn_sprite_tiles_manager.o
                0x0800cd94                bn::sprite_tiles_manager::create(bn::span<bn::tile const> const&, bn::compression_type)
 .text._ZN2bn16sprite_tiles_ptr6createERKNS_17sprite_tiles_itemE
                0x0800ced4       0x84 bn_sprite_tiles_manager.o
                0x0800ced4                bn::sprite_tiles_ptr::create(bn::sprite_tiles_item const&)
 .text._ZNK2bn17sprite_tiles_item12create_tilesEv
                0x0800cf58       0x10 bn_sprite_tiles_manager.o
                0x0800cf58                bn::sprite_tiles_item::create_tiles() const
 .text._ZN2bn16sprite_tiles_ptr6createERKNS_17sprite_tiles_itemEi
                0x0800cf68       0xbc bn_sprite_tiles_manager.o
                0x0800cf68                bn::sprite_tiles_ptr::create(bn::sprite_tiles_item const&, int)
 .text._ZNK2bn17sprite_tiles_item12create_tilesEi
                0x0800d024       0xbc bn_sprite_tiles_manager.o
                0x0800d024                bn::sprite_tiles_item::create_tiles(int) const
 .text.startup._GLOBAL__sub_I__ZN2bn12sprite_tiles16used_tiles_countEv
                0x0800d0e0      0x12c bn_sprite_tiles_manager.o
 .text._ZN2bn15sprites_manager12_GLOBAL__N_132_always_update_indexes_to_commitERKNS_20sprites_manager_itemE
                0x0800d20c       0x48 bn_sprites_manager.o
 .text._ZN2bn15sprites_manager12_GLOBAL__N_111static_dataD2Ev
                0x0800d254       0x44 bn_sprites_manager.o
 .text._ZN2bn13ostringstream11append_argsIiJA4_ciEEEvRKT_DpRKT0_.isra.0
                0x0800d298       0x24 bn_sprites_manager.o
 .text._ZN2bn15sprites_manager12_GLOBAL__N_123_update_item_dimensionsERNS_20sprites_manager_itemE
                0x0800d2bc       0xc8 bn_sprites_manager.o
 .text._ZN2bn10sprite_ptrC2ERKS0_
                0x0800d384        0xc bn_sprites_manager.o
                0x0800d384                bn::sprite_ptr::sprite_ptr(bn::sprite_ptr const&)
                0x0800d384                bn::sprite_ptr::sprite_ptr(bn::sprite_ptr const&)
 .text._ZN2bn10sprite_ptr12set_positionERKNS_13fixed_point_tILi12EEE
                0x0800d390       0x7c bn_sprites_manager.o
                0x0800d390                bn::sprite_ptr::set_position(bn::fixed_point_t<12> const&)
 .text._ZN2bn10sprite_ptr19set_horizontal_flipEb
                0x0800d40c       0x54 bn_sprites_manager.o
                0x0800d40c                bn::sprite_ptr::set_horizontal_flip(bool)
 .text._ZN2bn10sprite_ptr11set_visibleEb
                0x0800d460       0x64 bn_sprites_manager.o
                0x0800d460                bn::sprite_ptr::set_visible(bool)
 .text._ZN2bn15sprites_manager4initEv
                0x0800d4c4       0xd0 bn_sprites_manager.o
                0x0800d4c4                bn::sprites_manager::init()
 .text._ZN2bn15sprites_manager5hw_idEPv
                0x0800d594        0x8 bn_sprites_manager.o
                0x0800d594                bn::sprites_manager::hw_id(void*)
 .text._ZN2bn15sprites_manager5shapeEPv
                0x0800d59c        0x8 bn_sprites_manager.o
                0x0800d59c                bn::sprites_manager::shape(void*)
 .text._ZN2bn15sprites_manager4sizeEPv
                0x0800d5a4        0x8 bn_sprites_manager.o
                0x0800d5a4                bn::sprites_manager::size(void*)
 .text._ZN2bn15sprites_manager10shape_sizeEPv
                0x0800d5ac       0x14 bn_sprites_manager.o
                0x0800d5ac                bn::sprites_manager::shape_size(void*)
 .text._ZN2bn15sprites_manager11hw_positionEPv
                0x0800d5c0        0x4 bn_sprites_manager.o
                0x0800d5c0                bn::sprites_manager::hw_position(void*)
 .text._ZN2bn15sprites_manager9view_modeEPv
                0x0800d5c4        0xc bn_sprites_manager.o
                0x0800d5c4                bn::sprites_manager::view_mode(void*)
 .text._ZN2bn15sprites_manager10affine_matEPv
                0x0800d5d0        0x4 bn_sprites_manager.o
                0x0800d5d0                bn::sprites_manager::affine_mat(void*)
 .text._ZN2bn15sprites_manager39fill_hblank_effect_horizontal_positionsEPviPKNS_7fixed_tILi12EEEPt
                0x0800d5d4       0x44 bn_sprites_manager.o
                0x0800d5d4                bn::sprites_manager::fill_hblank_effect_horizontal_positions(void*, int, bn::fixed_t<12> const*, unsigned short*)
 .text._ZN2bn15sprites_manager37fill_hblank_effect_vertical_positionsEPviPKNS_7fixed_tILi12EEEPt
                0x0800d618       0x44 bn_sprites_manager.o
                0x0800d618                bn::sprites_manager::fill_hblank_effect_vertical_positions(void*, int, bn::fixed_t<12> const*, unsigned short*)
 .text._ZN2bn15sprites_manager35fill_hblank_effect_first_attributesEiNS_12sprite_shapeENS_8bpp_modeEiPKNS_23sprite_first_attributesEPt
                0x0800d65c       0xdc bn_sprites_manager.o
                0x0800d65c                bn::sprites_manager::fill_hblank_effect_first_attributes(int, bn::sprite_shape, bn::bpp_mode, int, bn::sprite_first_attributes const*, unsigned short*)
 .text._ZN2bn15sprites_manager44fill_hblank_effect_regular_second_attributesEPviNS_11sprite_sizeEPKNS_32sprite_regular_second_attributesEPt
                0x0800d738       0x60 bn_sprites_manager.o
                0x0800d738                bn::sprites_manager::fill_hblank_effect_regular_second_attributes(void*, int, bn::sprite_size, bn::sprite_regular_second_attributes const*, unsigned short*)
 .text._ZN2bn15sprites_manager43fill_hblank_effect_affine_second_attributesEPviNS_11sprite_sizeEPKNS_31sprite_affine_second_attributesEPt
                0x0800d798       0x58 bn_sprites_manager.o
                0x0800d798                bn::sprites_manager::fill_hblank_effect_affine_second_attributes(void*, int, bn::sprite_size, bn::sprite_affine_second_attributes const*, unsigned short*)
 .text._ZN2bn15sprites_manager14update_camerasEv
                0x0800d7f0       0x20 bn_sprites_manager.o
                0x0800d7f0                bn::sprites_manager::update_cameras()
 .text._ZN2bn15sprites_manager23update_auto_double_sizeEPv
                0x0800d810       0x2c bn_sprites_manager.o
                0x0800d810                bn::sprites_manager::update_auto_double_size(void*)
 .text._ZN2bn15sprites_manager6commitEb
                0x0800d83c       0xa4 bn_sprites_manager.o
                0x0800d83c                bn::sprites_manager::commit(bool)
 .text._ZNK2bn17sprite_shape_size11tiles_countENS_8bpp_modeE.isra.0
                0x0800d8e0      0x150 bn_sprites_manager.o
 .text._ZN2bn15sprites_manager12_GLOBAL__N_118_remove_affine_matERNS_20sprites_manager_itemE
                0x0800da30       0xe4 bn_sprites_manager.o
 .text._ZN2bn15sprites_manager42remove_identity_affine_mat_when_not_neededEPv
                0x0800db14        0xc bn_sprites_manager.o
                0x0800db14                bn::sprites_manager::remove_identity_affine_mat_when_not_needed(void*)
 .text._ZN2bn14sprite_builder15release_paletteEv
                0x0800db20       0x78 bn_sprites_manager.o
                0x0800db20                bn::sprite_builder::release_palette()
 .text._ZN2bn14sprite_builder13release_tilesEv
                0x0800db98       0x78 bn_sprites_manager.o
                0x0800db98                bn::sprite_builder::release_tiles()
 .text._ZN2bn15sprites_manager7paletteEPv
                0x0800dc10       0x34 bn_sprites_manager.o
                0x0800dc10                bn::sprites_manager::palette(void*)
 .text._ZN2bn20sprites_manager_item13_builder_initERKNS_14sprite_builderE
                0x0800dc44      0x350 bn_sprites_manager.o
                0x0800dc44                bn::sprites_manager_item::_builder_init(bn::sprite_builder const&)
 .text._ZN2bn14sprite_builder11set_z_orderEi
                0x0800df94       0x48 bn_sprites_manager.o
                0x0800df94                bn::sprite_builder::set_z_order(int)
 .text._ZN2bn14sprite_builderC2ERKNS_17sprite_shape_sizeENS_16sprite_tiles_ptrENS_18sprite_palette_ptrE
                0x0800dfdc      0x120 bn_sprites_manager.o
                0x0800dfdc                bn::sprite_builder::sprite_builder(bn::sprite_shape_size const&, bn::sprite_tiles_ptr, bn::sprite_palette_ptr)
                0x0800dfdc                bn::sprite_builder::sprite_builder(bn::sprite_shape_size const&, bn::sprite_tiles_ptr, bn::sprite_palette_ptr)
 .text._ZN2bn15sprites_manager9set_tilesEPvONS_16sprite_tiles_ptrE
                0x0800e0fc      0x134 bn_sprites_manager.o
                0x0800e0fc                bn::sprites_manager::set_tiles(void*, bn::sprite_tiles_ptr&&)
 .text._ZN2bn10sprite_ptr9set_tilesERKNS_17sprite_tiles_itemEi
                0x0800e230       0x88 bn_sprites_manager.o
                0x0800e230                bn::sprite_ptr::set_tiles(bn::sprite_tiles_item const&, int)
 .text._ZN2bn14sprite_builder15set_bg_priorityEi
                0x0800e2b8       0x38 bn_sprites_manager.o
                0x0800e2b8                bn::sprite_builder::set_bg_priority(int)
 .text._ZN2bn15sprites_manager6updateEv
                0x0800e2f0      0x158 bn_sprites_manager.o
                0x0800e2f0                bn::sprites_manager::update()
 .text._ZN3_bn6assert9show_argsIJA27_ciA4_ciEEEvPKcS5_S5_iDpRKT_
                0x0800e448       0x58 bn_sprites_manager.o
                0x0800e448                void _bn::assert::show_args<char [27], int, char [4], int>(char const*, char const*, char const*, int, char const (&) [27], int const&, char const (&) [4], int const&)
 .text._ZN2bn15sprites_manager35fill_hblank_effect_third_attributesENS_17sprite_shape_sizeEPKNS_23sprite_third_attributesEPt
                0x0800e4a0       0xc4 bn_sprites_manager.o
                0x0800e4a0                bn::sprites_manager::fill_hblank_effect_third_attributes(bn::sprite_shape_size, bn::sprite_third_attributes const*, unsigned short*)
 .text._ZN2bn14sorted_sprites6sorter6insertERNS_20sprites_manager_itemE
                0x0800e564      0x170 bn_sprites_manager.o
                0x0800e564                bn::sorted_sprites::sorter::insert(bn::sprites_manager_item&)
 .text._ZN2bn15sprites_manager6createERKNS_13fixed_point_tILi12EEERKNS_17sprite_shape_sizeEONS_16sprite_tiles_ptrEONS_18sprite_palette_ptrE
                0x0800e6d4      0x1dc bn_sprites_manager.o
                0x0800e6d4                bn::sprites_manager::create(bn::fixed_point_t<12> const&, bn::sprite_shape_size const&, bn::sprite_tiles_ptr&&, bn::sprite_palette_ptr&&)
 .text._ZNK2bn11sprite_item13create_spriteENS_7fixed_tILi12EEES2_
                0x0800e8b0       0x44 bn_sprites_manager.o
                0x0800e8b0                bn::sprite_item::create_sprite(bn::fixed_t<12>, bn::fixed_t<12>) const
 .text._ZN2bn15sprites_manager6createEONS_14sprite_builderE
                0x0800e8f4      0x180 bn_sprites_manager.o
                0x0800e8f4                bn::sprites_manager::create(bn::sprite_builder&&)
 .text._ZN2bn10sprite_ptr6createEONS_14sprite_builderE
                0x0800ea74       0x14 bn_sprites_manager.o
                0x0800ea74                bn::sprite_ptr::create(bn::sprite_builder&&)
 .text._ZN2bn15sprites_manager15decrease_usagesEPv
                0x0800ea88      0x180 bn_sprites_manager.o
                0x0800ea88                bn::sprites_manager::decrease_usages(void*)
 .text._ZN2bn10sprite_ptrD2Ev
                0x0800ec08       0x18 bn_sprites_manager.o
                0x0800ec08                bn::sprite_ptr::~sprite_ptr()
                0x0800ec08                bn::sprite_ptr::~sprite_ptr()
 .text.startup._GLOBAL__sub_I__ZN2bn7sprites16used_items_countEv
                0x0800ec20       0xac bn_sprites_manager.o
 .text._ZN2bn13ostringstreamC2ERNS_12istring_baseE
                0x0800eccc        0x8 bn_sstream.o
                0x0800eccc                bn::ostringstream::ostringstream(bn::istring_base&)
                0x0800eccc                bn::ostringstream::ostringstream(bn::istring_base&)
 .text._ZN2bn13ostringstream6appendEPKc
                0x0800ecd4       0x94 bn_sstream.o
                0x0800ecd4                bn::ostringstream::append(char const*)
 .text._ZN2bn13ostringstream6appendEi
                0x0800ed68       0xb0 bn_sstream.o
                0x0800ed68                bn::ostringstream::append(int)
 .text._ZN2bn13ostringstream6appendERKNS_11string_viewE
                0x0800ee18       0x9c bn_sstream.o
                0x0800ee18                bn::ostringstream::append(bn::string_view const&)
 .text._ZN2bn13ostringstream6appendEj
                0x0800eeb4       0xb0 bn_sstream.o
                0x0800eeb4                bn::ostringstream::append(unsigned int)
 .text._ZN2bn13ostringstream6appendEPKv
                0x0800ef64      0x100 bn_sstream.o
                0x0800ef64                bn::ostringstream::append(void const*)
 .text._ZN2bn13ostringstream6appendEc
                0x0800f064       0x44 bn_sstream.o
                0x0800f064                bn::ostringstream::append(char)
 .text._ZN2bn18igeneric_pool_baseC2EPci
                0x0800f0a8       0x10 bn_translation_unit.o
                0x0800f0a8                bn::igeneric_pool_base::igeneric_pool_base(char*, int)
                0x0800f0a8                bn::igeneric_pool_base::igeneric_pool_base(char*, int)
 .text._ZN2bn18igeneric_pool_base5_freeEPc
                0x0800f0b8       0x10 bn_translation_unit.o
                0x0800f0b8                bn::igeneric_pool_base::_free(char*)
 .text._ZN2bn5timerC2Ev
                0x0800f0c8       0x24 bn_translation_unit.o
                0x0800f0c8                bn::timer::timer()
                0x0800f0c8                bn::timer::timer()
 .text._ZNK2bn5timer13elapsed_ticksEv
                0x0800f0ec       0x3c bn_translation_unit.o
                0x0800f0ec                bn::timer::elapsed_ticks() const
 .text._ZN2bn5timer7restartEv
                0x0800f128       0x24 bn_translation_unit.o
                0x0800f128                bn::timer::restart()
 .text._ZN2bn3logERKNS_12istring_baseE
                0x0800f14c       0x58 bn_translation_unit.o
                0x0800f14c                bn::log(bn::istring_base const&)
 .text._ZN2bn18igeneric_pool_baseD2Ev
                0x0800f1a4       0x30 bn_translation_unit.o
                0x0800f1a4                bn::igeneric_pool_base::~igeneric_pool_base()
                0x0800f1a4                bn::igeneric_pool_base::~igeneric_pool_base()
 .text._ZN2bn18igeneric_pool_base9_allocateEv
                0x0800f1d4       0x48 bn_translation_unit.o
                0x0800f1d4                bn::igeneric_pool_base::_allocate()
 .text._ZN2bn2hw5audio12_GLOBAL__N_111static_dataD2Ev
                0x0800f21c       0x18 bn_hw_audio.o
 .text._ZN2bn2hw5audio12_GLOBAL__N_17_commitEv
                0x0800f234       0x48 bn_hw_audio.o
 .text._ZN2bn2hw5audio12_GLOBAL__N_115_vblank_handlerEv
                0x0800f27c       0x24 bn_hw_audio.o
 .text._ZN2bn2hw5audio4initEv
                0x0800f2a0       0x9c bn_hw_audio.o
                0x0800f2a0                bn::hw::audio::init()
 .text._ZN2bn2hw5audio7disableEv
                0x0800f33c       0x34 bn_hw_audio.o
                0x0800f33c                bn::hw::audio::disable()
 .text._ZN2bn2hw5audio13music_playingEv
                0x0800f370       0x20 bn_hw_audio.o
                0x0800f370                bn::hw::audio::music_playing()
 .text._ZN2bn2hw5audio10play_musicEib
                0x0800f390       0x1c bn_hw_audio.o
                0x0800f390                bn::hw::audio::play_music(int, bool)
 .text._ZN2bn2hw5audio10stop_musicEv
                0x0800f3ac       0x18 bn_hw_audio.o
                0x0800f3ac                bn::hw::audio::stop_music()
 .text._ZN2bn2hw5audio11pause_musicEv
                0x0800f3c4       0x18 bn_hw_audio.o
                0x0800f3c4                bn::hw::audio::pause_music()
 .text._ZN2bn2hw5audio12resume_musicEv
                0x0800f3dc       0x18 bn_hw_audio.o
                0x0800f3dc                bn::hw::audio::resume_music()
 .text._ZN2bn2hw5audio17dmg_music_playingEv
                0x0800f3f4       0x2c bn_hw_audio.o
                0x0800f3f4                bn::hw::audio::dmg_music_playing()
 .text._ZN2bn2hw5audio14stop_dmg_musicEv
                0x0800f420       0x28 bn_hw_audio.o
                0x0800f420                bn::hw::audio::stop_dmg_music()
 .text._ZN2bn2hw5audio15pause_dmg_musicEv
                0x0800f448       0x28 bn_hw_audio.o
                0x0800f448                bn::hw::audio::pause_dmg_music()
 .text._ZN2bn2hw5audio16resume_dmg_musicEv
                0x0800f470       0x28 bn_hw_audio.o
                0x0800f470                bn::hw::audio::resume_dmg_music()
 .text._ZN2bn2hw5audio18dmg_music_positionERiS2_
                0x0800f498       0x2c bn_hw_audio.o
                0x0800f498                bn::hw::audio::dmg_music_position(int&, int&)
 .text._ZN2bn2hw5audio6updateEv
                0x0800f4c4       0x14 bn_hw_audio.o
                0x0800f4c4                bn::hw::audio::update()
 .text._ZN3_bn6assert9show_argsIA47_ciEEvPKcS4_S4_iRKT_RKT0_
                0x0800f4d8       0x54 bn_hw_audio.o
                0x0800f4d8                void _bn::assert::show_args<char [47], int>(char const*, char const*, char const*, int, char const (&) [47], int const&)
 .text._ZN2bn2hw5audio14play_dmg_musicEPKvNS_14dmg_music_typeEib
                0x0800f52c       0x8c bn_hw_audio.o
                0x0800f52c                bn::hw::audio::play_dmg_music(void const*, bn::dmg_music_type, int, bool)
 .text._ZN2bn2hw5audio22set_dmg_music_positionEii
                0x0800f5b8       0x54 bn_hw_audio.o
                0x0800f5b8                bn::hw::audio::set_dmg_music_position(int, int)
 .text._ZN2bn2hw5audio20set_dmg_music_volumeEii
                0x0800f60c       0x40 bn_hw_audio.o
                0x0800f60c                bn::hw::audio::set_dmg_music_volume(int, int)
 .text._ZN3_bn6assert9show_argsIA20_cjEEvPKcS4_S4_iRKT_RKT0_
                0x0800f64c       0x54 bn_hw_audio.o
                0x0800f64c                void _bn::assert::show_args<char [20], unsigned int>(char const*, char const*, char const*, int, char const (&) [20], unsigned int const&)
 .text._ZN2bn2hw5audio6commitEv
                0x0800f6a0       0x58 bn_hw_audio.o
                0x0800f6a0                bn::hw::audio::commit()
 .text._ZN2bn2hw5audio12_GLOBAL__N_119_add_sound_to_queueEit
                0x0800f6f8       0xa0 bn_hw_audio.o
 .text._ZN2bn2hw5audio12_GLOBAL__N_123_erase_sound_from_queueEt
                0x0800f798       0x90 bn_hw_audio.o
 .text._ZN2bn2hw5audio10stop_soundEt
                0x0800f828       0x20 bn_hw_audio.o
                0x0800f828                bn::hw::audio::stop_sound(unsigned short)
 .text._ZN2bn2hw5audio13release_soundEt
                0x0800f848       0x20 bn_hw_audio.o
                0x0800f848                bn::hw::audio::release_sound(unsigned short)
 .text._ZN2bn2hw5audio15stop_all_soundsEv
                0x0800f868       0x68 bn_hw_audio.o
                0x0800f868                bn::hw::audio::stop_all_sounds()
 .text._ZN2bn2hw5audio12_GLOBAL__N_119_check_sounds_queueEv.part.0
                0x0800f8d0       0x98 bn_hw_audio.o
 .text._ZN2bn2hw5audio10play_soundEiiiii
                0x0800f968       0x48 bn_hw_audio.o
                0x0800f968                bn::hw::audio::play_sound(int, int, int, int, int)
 .text._ZN2bn2hw5audio10play_soundEii
                0x0800f9b0       0x34 bn_hw_audio.o
                0x0800f9b0                bn::hw::audio::play_sound(int, int)
 .text._ZN2bn2hw5audio19update_sounds_queueEv
                0x0800f9e4       0x90 bn_hw_audio.o
                0x0800f9e4                bn::hw::audio::update_sounds_queue()
 .text.startup._GLOBAL__sub_I__ZN2bn2hw5audio4initEv
                0x0800fa74       0x40 bn_hw_audio.o
 .text.__libc_init_array
                0x0800fab4       0x50 bn_hw_common.bn_noflto.o
                0x0800fab4                __libc_init_array
 .text.__aeabi_atexit
                0x0800fb04        0x4 bn_hw_common.bn_noflto.o
                0x0800fb04                __aeabi_atexit
 .text._ZN3_bn6assert9show_argsIA40_cEEvPKcS4_S4_iRKT_
                0x0800fb08       0x48 bn_hw_common.bn_noflto.o
                0x0800fb08                void _bn::assert::show_args<char [40]>(char const*, char const*, char const*, int, char const (&) [40])
 .text.__aeabi_idiv0
                0x0800fb50       0x24 bn_hw_common.bn_noflto.o
                0x0800fb50                __aeabi_idiv0
 .text._ZN2bn2hw4link12_GLOBAL__N_119_resetStateCallbackEv
                0x0800fb74       0x4c bn_hw_link.o
 .text._ZN2bn2hw4link4initEv
                0x0800fbc0      0x120 bn_hw_link.o
                0x0800fbc0                bn::hw::link::init()
 .text._ZN2bn2hw4link6activeEv
                0x0800fce0       0x10 bn_hw_link.o
                0x0800fce0                bn::hw::link::active()
 .text._ZN2bn2hw4link7disableEv
                0x0800fcf0       0x6c bn_hw_link.o
                0x0800fcf0                bn::hw::link::disable()
 .text._ZN2bn2hw4link6commitEv
                0x0800fd5c       0x30 bn_hw_link.o
                0x0800fd5c                bn::hw::link::commit()
 .text._ZN2bn2hw4link11_timer_intrEv
                0x0800fd8c       0xf8 bn_hw_link.o
                0x0800fd8c                bn::hw::link::_timer_intr()
 .text._ZN2bn2hw4link12_serial_intrEv
                0x0800fe84      0x1bc bn_hw_link.o
                0x0800fe84                bn::hw::link::_serial_intr()
 .text._ZN2bn2hw4link12_GLOBAL__N_117_sendDataCallbackEv
                0x08010040       0xe4 bn_hw_link.o
 .text._ZN2bn2hw4link12_GLOBAL__N_124_receiveResponseCallbackERKNS_2lc12LinkResponseE
                0x08010124      0x15c bn_hw_link.o
 .text.startup._GLOBAL__sub_I__ZN2bn2hw4link4initEv
                0x08010280       0x68 bn_hw_link.o
 .text._ZN2bn2hw6memory4initEv
                0x080102e8        0x4 bn_hw_memory.o
                0x080102e8                bn::hw::memory::init()
 .text._ZN2bn2hw8palettes8contrastEPKNS_5colorEiiPS2_
                0x080102ec       0x18 bn_hw_palettes.o
                0x080102ec                bn::hw::palettes::contrast(bn::color const*, int, int, bn::color*)
 .text._ZN2bn2hw8palettes9intensityEPKNS_5colorEiiPS2_
                0x08010304       0x18 bn_hw_palettes.o
                0x08010304                bn::hw::palettes::intensity(bn::color const*, int, int, bn::color*)
 .text._ZN2bn2hw8palettes9hue_shiftEPKNS_5colorEiiPS2_
                0x0801031c      0x14c bn_hw_palettes.o
                0x0801031c                bn::hw::palettes::hue_shift(bn::color const*, int, int, bn::color*)
 .text._ZN2bn2hw8palettes6rotateEPKNS_5colorEiiPS2_
                0x08010468       0x2c bn_hw_palettes.o
                0x08010468                bn::hw::palettes::rotate(bn::color const*, int, int, bn::color*)
 .text._ZN2bn2hw4show5errorERKNS_11system_fontERKNS_11string_viewES7_S7_iS7_S7_
                0x08010494      0x3bc bn_hw_show.o
                0x08010494                bn::hw::show::error(bn::system_font const&, bn::string_view const&, bn::string_view const&, bn::string_view const&, int, bn::string_view const&, bn::string_view const&)
 .text._ZN2bn2hw4sram4initEv
                0x08010850       0x18 bn_hw_sram.o
                0x08010850                bn::hw::sram::init()
 .text._ZN2bn11system_fontC2Ev
                0x08010868       0x18 bn_hw_system_font.o
                0x08010868                bn::system_font::system_font()
                0x08010868                bn::system_font::system_font()
 .text._ZNK2bn11system_font8tte_fontEv
                0x08010880        0x4 bn_hw_system_font.o
                0x08010880                bn::system_font::tte_font() const
 .text._ZN2bn2hw4text5parseEiRNS_5arrayIcLi32EEE
                0x08010884       0xbc bn_hw_text.o
                0x08010884                bn::hw::text::parse(int, bn::array<char, 32>&)
 .text._ZN2bn2hw4text5parseEjRNS_5arrayIcLi32EEE
                0x08010940       0xa0 bn_hw_text.o
                0x08010940                bn::hw::text::parse(unsigned int, bn::array<char, 32>&)
 .text._ZN2bn2hw4text5parseEPKvRNS_5arrayIcLi32EEE
                0x080109e0       0x30 bn_hw_text.o
                0x080109e0                bn::hw::text::parse(void const*, bn::array<char, 32>&)
 .text._Z7VgmStopv
                0x08010a10       0xc0 vgm.o
                0x08010a10                VgmStop()
 .text._Z7VgmPlayPKhb
                0x08010ad0       0x28 vgm.o
                0x08010ad0                VgmPlay(unsigned char const*, bool)
 .text._Z13VgmIntrVblankv
                0x08010af8       0x80 vgm.o
                0x08010af8                VgmIntrVblank()
 .text._Z9VgmActivev
                0x08010b78       0x10 vgm.o
                0x08010b78                VgmActive()
 .text._Z16VgmGetOffsetPlayv
                0x08010b88        0xc vgm.o
                0x08010b88                VgmGetOffsetPlay()
 .text._Z16VgmSetOffsetPlayj
                0x08010b94       0x10 vgm.o
                0x08010b94                VgmSetOffsetPlay(unsigned int)
 .text._Z8VgmPausev
                0x08010ba4       0x20 vgm.o
                0x08010ba4                VgmPause()
 .text._Z9VgmResumev
                0x08010bc4       0x18 vgm.o
                0x08010bc4                VgmResume()
 .text.clr_grayscale
                0x08010bdc       0x78 tonc_color.o
                0x08010bdc                clr_grayscale
 .text.sbmp16_rect
                0x08010c54       0x6c tonc_sbmp16.o
                0x08010c54                sbmp16_rect
 .text.bmp16_drawg_b1cts
                0x08010cc0       0xc0 bmp16_drawg_b1cs.o
                0x08010cc0                bmp16_drawg_b1cts
 .text.bmp16_erase
                0x08010d80       0x24 tte_init_bmp.o
                0x08010d80                bmp16_erase
 .text.tte_init_bmp
                0x08010da4       0x60 tte_init_bmp.o
                0x08010da4                tte_init_bmp
 .text.dummy_drawg
                0x08010e04        0x4 tte_main.o
                0x08010e04                dummy_drawg
 .text.dummy_erase
                0x08010e08        0x4 tte_main.o
                0x08010e08                dummy_erase
 .text.tte_init_base
                0x08010e0c       0x68 tte_main.o
                0x08010e0c                tte_init_base
 .text.utf8_decode_char
                0x08010e74       0xb4 tte_main.o
                0x08010e74                utf8_decode_char
 .text.tte_write
                0x08010f28       0xe8 tte_main.o
                0x08010f28                tte_write
 .text.tte_get_text_size
                0x08011010       0xa4 tte_main.o
                0x08011010                tte_get_text_size
 .text.tte_set_margins
                0x080110b4       0x18 tte_main.o
                0x080110b4                tte_set_margins
 .text.IRQ_Init
                0x080110cc       0x48 interrupts_gba.o
                0x080110cc                IRQ_Init
 .text.IRQ_SetHandler
                0x08011114        0xc interrupts_gba.o
                0x08011114                IRQ_SetHandler
 .text.IRQ_Enable
                0x08011120       0x60 interrupts_gba.o
                0x08011120                IRQ_Enable
 .text.IRQ_Disable
                0x08011180       0x5c interrupts_gba.o
                0x08011180                IRQ_Disable
 .text.channel3_refresh_registers
                0x080111dc       0xd0 gbt_player.o
 .text.gbt_refresh_pattern_ptr
                0x080112ac       0x84 gbt_player.o
 .text.gbt_ch1234_nop
                0x08011330        0x4 gbt_player.o
 .text.gbt_ch1234_speed
                0x08011334       0x10 gbt_player.o
 .text.gbt_ch1234_jump_pattern
                0x08011344       0x14 gbt_player.o
 .text.gbt_ch1234_jump_position
                0x08011358       0x1c gbt_player.o
 .text.gbt_ch1234_event
                0x08011374       0x24 gbt_player.o
 .text.gbt_ch1_pan
                0x08011398       0x10 gbt_player.o
 .text.gbt_ch1_cut_note
                0x080113a8       0x10 gbt_player.o
 .text.gbt_ch1_arpeggio
                0x080113b8       0x34 gbt_player.o
 .text.gbt_ch1_vibrato
                0x080113ec       0x20 gbt_player.o
 .text.gbt_ch1_volslide
                0x0801140c       0x10 gbt_player.o
 .text.gbt_ch2_pan
                0x0801141c       0x10 gbt_player.o
 .text.gbt_ch2_cut_note
                0x0801142c       0x10 gbt_player.o
 .text.gbt_ch2_arpeggio
                0x0801143c       0x34 gbt_player.o
 .text.gbt_ch2_vibrato
                0x08011470       0x20 gbt_player.o
 .text.gbt_ch2_volslide
                0x08011490       0x10 gbt_player.o
 .text.gbt_ch3_pan
                0x080114a0       0x10 gbt_player.o
 .text.gbt_ch3_cut_note
                0x080114b0       0x10 gbt_player.o
 .text.gbt_ch3_arpeggio
                0x080114c0       0x34 gbt_player.o
 .text.gbt_ch3_vibrato
                0x080114f4       0x20 gbt_player.o
 .text.gbt_ch4_pan
                0x08011514       0x14 gbt_player.o
 .text.gbt_ch4_cut_note
                0x08011528       0x10 gbt_player.o
 .text.gbt_ch4_volslide
                0x08011538       0x10 gbt_player.o
 .text.gbt_update_refresh_panning
                0x08011548       0x50 gbt_player.o
 .text.gbt_run_startup_commands.part.0
                0x08011598       0xd0 gbt_player.o
 .text.gbt_update_effects_internal
                0x08011668      0x2d4 gbt_player.o
 .text.gbt_play
                0x0801193c      0x1dc gbt_player.o
                0x0801193c                gbt_play
 .text.gbt_volume
                0x08011b18       0x68 gbt_player.o
                0x08011b18                gbt_volume
 .text.gbt_is_playing
                0x08011b80        0xc gbt_player.o
                0x08011b80                gbt_is_playing
 .text.gbt_pause
                0x08011b8c       0x48 gbt_player.o
                0x08011b8c                gbt_pause
 .text.gbt_loop
                0x08011bd4        0xc gbt_player.o
                0x08011bd4                gbt_loop
 .text.gbt_stop
                0x08011be0       0x24 gbt_player.o
                0x08011be0                gbt_stop
 .text.gbt_update
                0x08011c04      0x64c gbt_player.o
                0x08011c04                gbt_update
 .text.gbt_get_position_unsafe
                0x08012250       0x24 gbt_player.o
                0x08012250                gbt_get_position_unsafe
 .text.gbt_set_position
                0x08012274       0xe0 gbt_player.o
                0x08012274                gbt_set_position
 .text.VBlankIntrWait
                0x08012354        0x4 tonc_bios.o
                0x08012354                VBlankIntrWait
 .text.memset16
                0x08012358       0x3c tonc_memset.o
                0x08012358                memset16
 .text          0x08012394      0x26c posprintf.o
                0x08012398                posprintf
 .text          0x08012600      0x314 mm_effect.o
                0x08012600                mmResetEffects
                0x0801262c                mmEffect
                0x08012642                mmEffectEx
                0x08012742                mmEffectActive
                0x08012776                mmEffectVolume
                0x08012792                mmEffectPanning
                0x080127a6                mmEffectRate
                0x080127ba                mmEffectCancel
                0x080127f4                mmEffectRelease
                0x0801281a                mmEffectScaleRate
                0x0801282e                mmSetEffectsVolume
                0x0801283c                mmEffectCancelAll
                0x0801287c                mmUpdateEffects
 .text          0x08012914       0x14 mm_main.o
                0x08012914                mpp_call_r7
                0x08012916                mpp_call_r1
                0x08012918                mpp_call_r2
                0x0801291a                mpp_call_r3
                0x0801291c                mmSetEventHandler
 .text          0x08012928     0x1570 mm_mas.o
                0x0801299c                mmStart
                0x080129bc                mmJingle
                0x080129c2                mmPlayModule
                0x08012a8c                mmPause
                0x08012aa8                mmResume
                0x08012ab8                mmActive
                0x08012abe                mmActiveSub
                0x08012ac4                mmSetModuleVolume
                0x08012ad4                mmSetJingleVolume
                0x08012b10                mmGetPositionTick
                0x08012b16                mmGetPositionRow
                0x08012b1c                mmGetPosition
                0x08012b22                mmPosition
                0x08012b3c                mmSetModuleTempo
                0x08012b6e                mmSetModulePitch
                0x08012bb0                mmStop
                0x08012c76                mppUpdateSub
                0x08012dd2                mpp_Process_VolumeCommand
                0x0801300a                mpp_Process_Effect
                0x08013758                ST3_FREQTABLE
                0x08013b78                IT_PitchTable
 .text          0x08013e98      0x12c mm_main_gba.o
                0x08013e98                mmInit
                0x08013eec                mmSetVBlankHandler
                0x08013ef2                mmFrame
 .text          0x08013fc4      0x1e0 mm_mixer_gba.o
                0x08013fc4                mmMixerSetSource
                0x08013fd8                mmMixerSetRead
                0x08013fe6                mmMixerSetFreq
                0x08013ff6                mmMixerMulFreq